Product: MDK-ARM Lite 5.10
Component: ARM Compiler 5.04 update 1 (build 49)
Tool: armlink [5040049]

==============================================================================

Section Cross References

    system_stm32f4xx.o(i.SystemCoreClockUpdate) refers to system_stm32f4xx.o(.data) for .data
    system_stm32f4xx.o(i.SystemInit) refers to system_stm32f4xx.o(i.SetSysClock) for SetSysClock
    main.o(i.COM1_Config) refers to stm32f4xx_rcc.o(i.RCC_AHB1PeriphClockCmd) for RCC_AHB1PeriphClockCmd
    main.o(i.COM1_Config) refers to stm32f4xx_gpio.o(i.GPIO_Init) for GPIO_Init
    main.o(i.COM1_Config) refers to stm32f4xx_gpio.o(i.GPIO_WriteBit) for GPIO_WriteBit
    main.o(i.COM1_Config) refers to stm32f4_discovery.o(i.STM_EVAL_LEDOff) for STM_EVAL_LEDOff
    main.o(i.COM1_Config) refers to main.o(.bss) for .bss
    main.o(i.EXTI_Config) refers to stm32f4xx_rcc.o(i.RCC_AHB1PeriphClockCmd) for RCC_AHB1PeriphClockCmd
    main.o(i.EXTI_Config) refers to stm32f4xx_rcc.o(i.RCC_APB2PeriphClockCmd) for RCC_APB2PeriphClockCmd
    main.o(i.EXTI_Config) refers to stm32f4xx_gpio.o(i.GPIO_Init) for GPIO_Init
    main.o(i.EXTI_Config) refers to stm32f4xx_syscfg.o(i.SYSCFG_EXTILineConfig) for SYSCFG_EXTILineConfig
    main.o(i.EXTI_Config) refers to stm32f4xx_exti.o(i.EXTI_Init) for EXTI_Init
    main.o(i.EXTI_Config) refers to misc.o(i.NVIC_Init) for NVIC_Init
    main.o(i.TIM_Config) refers to stm32f4xx_rcc.o(i.RCC_APB1PeriphClockCmd) for RCC_APB1PeriphClockCmd
    main.o(i.TIM_Config) refers to misc.o(i.NVIC_Init) for NVIC_Init
    main.o(i.TIM_Config) refers to stm32f4_discovery.o(i.STM_EVAL_LEDInit) for STM_EVAL_LEDInit
    main.o(i.TIM_Config) refers to stm32f4_discovery.o(i.STM_EVAL_LEDOff) for STM_EVAL_LEDOff
    main.o(i.init_Compartments) refers to _scanf_int.o(.text) for _scanf_int
    main.o(i.init_Compartments) refers to __0sscanf.o(.text) for __0sscanf
    main.o(i.init_Compartments) refers to stm32f4xx_gpio.o(i.GPIO_WriteBit) for GPIO_WriteBit
    main.o(i.init_Compartments) refers to main.o(.bss) for .bss
    main.o(i.init_Compartments) refers to main.o(.data) for .data
    main.o(i.init_Compartments) refers to usbd_cdc_vcp.o(.bss) for msg
    main.o(i.main) refers to main.o(i.TIM_Config) for TIM_Config
    main.o(i.main) refers to main.o(i.COM1_Config) for COM1_Config
    main.o(i.main) refers to main.o(i.EXTI_Config) for EXTI_Config
    main.o(i.main) refers to lcd.o(i.lcd_init) for lcd_init
    main.o(i.main) refers to stm32f4xx_tim.o(i.TIM_TimeBaseInit) for TIM_TimeBaseInit
    main.o(i.main) refers to stm32f4xx_tim.o(i.TIM_PrescalerConfig) for TIM_PrescalerConfig
    main.o(i.main) refers to stm32f4xx_tim.o(i.TIM_OC1Init) for TIM_OC1Init
    main.o(i.main) refers to stm32f4xx_tim.o(i.TIM_OC1PreloadConfig) for TIM_OC1PreloadConfig
    main.o(i.main) refers to stm32f4xx_tim.o(i.TIM_OC2Init) for TIM_OC2Init
    main.o(i.main) refers to stm32f4xx_tim.o(i.TIM_OC2PreloadConfig) for TIM_OC2PreloadConfig
    main.o(i.main) refers to stm32f4xx_tim.o(i.TIM_OC3Init) for TIM_OC3Init
    main.o(i.main) refers to stm32f4xx_tim.o(i.TIM_OC3PreloadConfig) for TIM_OC3PreloadConfig
    main.o(i.main) refers to stm32f4xx_tim.o(i.TIM_OC4Init) for TIM_OC4Init
    main.o(i.main) refers to stm32f4xx_tim.o(i.TIM_OC4PreloadConfig) for TIM_OC4PreloadConfig
    main.o(i.main) refers to stm32f4xx_tim.o(i.TIM_ITConfig) for TIM_ITConfig
    main.o(i.main) refers to usbd_core.o(i.USBD_Init) for USBD_Init
    main.o(i.main) refers to main.o(i.clean) for clean
    main.o(i.main) refers to stm32f4xx_tim.o(i.TIM_Cmd) for TIM_Cmd
    main.o(i.main) refers to stm32fxxx_it.o(i.reportResult) for reportResult
    main.o(i.main) refers to stm32f4_discovery.o(i.STM_EVAL_LEDOn) for STM_EVAL_LEDOn
    main.o(i.main) refers to stm32f4_discovery.o(i.STM_EVAL_LEDOff) for STM_EVAL_LEDOff
    main.o(i.main) refers to usbd_cdc_vcp.o(i.VCP_DataRx) for VCP_DataRx
    main.o(i.main) refers to main.o(i.Delay2) for Delay2
    main.o(i.main) refers to main.o(i.init_Compartments) for init_Compartments
    main.o(i.main) refers to lcd.o(i.lcd_clrscr) for lcd_clrscr
    main.o(i.main) refers to lcd.o(i.lcd_gotoxy) for lcd_gotoxy
    main.o(i.main) refers to printf1.o(i.__0sprintf$1) for __2sprintf
    main.o(i.main) refers to lcd.o(i.lcd_puts) for lcd_puts
    main.o(i.main) refers to main.o(.data) for .data
    main.o(i.main) refers to system_stm32f4xx.o(.data) for SystemCoreClock
    main.o(i.main) refers to main.o(.bss) for .bss
    main.o(i.main) refers to usbd_usr.o(.data) for USR_cb
    main.o(i.main) refers to usbd_cdc_core.o(.data) for USBD_CDC_cb
    main.o(i.main) refers to usbd_desc.o(.data) for USR_desc
    main.o(i.main) refers to usbd_cdc_vcp.o(.bss) for msg
    usbd_usr.o(.data) refers to usbd_usr.o(i.USBD_USR_Init) for USBD_USR_Init
    usbd_usr.o(.data) refers to usbd_usr.o(i.USBD_USR_DeviceReset) for USBD_USR_DeviceReset
    usbd_usr.o(.data) refers to usbd_usr.o(i.USBD_USR_DeviceConfigured) for USBD_USR_DeviceConfigured
[...]
    i.GPIO_Write                             0x080011ce   Section        0  stm32f4xx_gpio.o(i.GPIO_Write)
    i.GPIO_WriteBit                          0x080011d2   Section        0  stm32f4xx_gpio.o(i.GPIO_WriteBit)
    i.Handle_USBAsynchXfer                   0x080011dc   Section        0  usbd_cdc_core.o(i.Handle_USBAsynchXfer)
    Handle_USBAsynchXfer                     0x080011dd   Thumb Code    94  usbd_cdc_core.o(i.Handle_USBAsynchXfer)
    i.HardFault_Handler                      0x08001244   Section        0  stm32fxxx_it.o(i.HardFault_Handler)
    i.MemManage_Handler                      0x08001246   Section        0  stm32fxxx_it.o(i.MemManage_Handler)
    i.NMI_Handler                            0x08001248   Section        0  stm32fxxx_it.o(i.NMI_Handler)
    i.NVIC_Init                              0x0800124c   Section        0  misc.o(i.NVIC_Init)
    i.NVIC_PriorityGroupConfig               0x080012b0   Section        0  misc.o(i.NVIC_PriorityGroupConfig)
    i.OTG_FS_IRQHandler                      0x080012c4   Section        0  stm32fxxx_it.o(i.OTG_FS_IRQHandler)
    i.OTG_FS_WKUP_IRQHandler                 0x080012d0   Section        0  stm32fxxx_it.o(i.OTG_FS_WKUP_IRQHandler)
    i.PendSV_Handler                         0x080012d8   Section        0  stm32fxxx_it.o(i.PendSV_Handler)
    i.PillDropSensorLogic                    0x080012da   Section        0  stm32fxxx_it.o(i.PillDropSensorLogic)
    i.RCC_AHB1PeriphClockCmd                 0x080012f4   Section        0  stm32f4xx_rcc.o(i.RCC_AHB1PeriphClockCmd)
    i.RCC_AHB2PeriphClockCmd                 0x0800130c   Section        0  stm32f4xx_rcc.o(i.RCC_AHB2PeriphClockCmd)
    i.RCC_APB1PeriphClockCmd                 0x08001324   Section        0  stm32f4xx_rcc.o(i.RCC_APB1PeriphClockCmd)
    i.RCC_APB2PeriphClockCmd                 0x0800133c   Section        0  stm32f4xx_rcc.o(i.RCC_APB2PeriphClockCmd)
    i.STM_EVAL_LEDInit                       0x08001354   Section        0  stm32f4_discovery.o(i.STM_EVAL_LEDInit)
    i.STM_EVAL_LEDOff                        0x0800139c   Section        0  stm32f4_discovery.o(i.STM_EVAL_LEDOff)
    i.STM_EVAL_LEDOn                         0x080013b4   Section        0  stm32f4_discovery.o(i.STM_EVAL_LEDOn)
    i.STM_EVAL_LEDToggle                     0x080013cc   Section        0  stm32f4_discovery.o(i.STM_EVAL_LEDToggle)
    i.SVC_Handler                            0x080013e8   Section        0  stm32fxxx_it.o(i.SVC_Handler)
    i.SYSCFG_EXTILineConfig                  0x080013ec   Section        0  stm32f4xx_syscfg.o(i.SYSCFG_EXTILineConfig)
    i.SetSysClock                            0x0800141c   Section        0  system_stm32f4xx.o(i.SetSysClock)
    SetSysClock                              0x0800141d   Thumb Code   162  system_stm32f4xx.o(i.SetSysClock)
    i.SysTick_Handler                        0x080014d0   Section        0  stm32fxxx_it.o(i.SysTick_Handler)
    i.SystemInit                             0x080014e0   Section        0  system_stm32f4xx.o(i.SystemInit)
    i.TIM3_IRQHandler                        0x08001530   Section        0  stm32fxxx_it.o(i.TIM3_IRQHandler)
    i.TIM_ClearITPendingBit                  0x08001638   Section        0  stm32f4xx_tim.o(i.TIM_ClearITPendingBit)
    i.TIM_Cmd                                0x0800163e   Section        0  stm32f4xx_tim.o(i.TIM_Cmd)
    i.TIM_Config                             0x08001652   Section        0  main.o(i.TIM_Config)
    i.TIM_GetCapture1                        0x080016a8   Section        0  stm32f4xx_tim.o(i.TIM_GetCapture1)
    i.TIM_GetCapture2                        0x080016ac   Section        0  stm32f4xx_tim.o(i.TIM_GetCapture2)
    i.TIM_GetCapture3                        0x080016b0   Section        0  stm32f4xx_tim.o(i.TIM_GetCapture3)
    i.TIM_GetCapture4                        0x080016b4   Section        0  stm32f4xx_tim.o(i.TIM_GetCapture4)
    i.TIM_GetITStatus                        0x080016b8   Section        0  stm32f4xx_tim.o(i.TIM_GetITStatus)
    i.TIM_ITConfig                           0x080016d0   Section        0  stm32f4xx_tim.o(i.TIM_ITConfig)
    i.TIM_OC1Init                            0x080016e0   Section        0  stm32f4xx_tim.o(i.TIM_OC1Init)
    i.TIM_OC1PreloadConfig                   0x08001740   Section        0  stm32f4xx_tim.o(i.TIM_OC1PreloadConfig)
    i.TIM_OC2Init                            0x0800174c   Section        0  stm32f4xx_tim.o(i.TIM_OC2Init)
    i.TIM_OC2PreloadConfig                   0x080017cc   Section        0  stm32f4xx_tim.o(i.TIM_OC2PreloadConfig)
    i.TIM_OC3Init                            0x080017e0   Section        0  stm32f4xx_tim.o(i.TIM_OC3Init)
    i.TIM_OC3PreloadConfig                   0x0800185c   Section        0  stm32f4xx_tim.o(i.TIM_OC3PreloadConfig)
    i.TIM_OC4Init                            0x08001868   Section        0  stm32f4xx_tim.o(i.TIM_OC4Init)
    i.TIM_OC4PreloadConfig                   0x080018c8   Section        0  stm32f4xx_tim.o(i.TIM_OC4PreloadConfig)
    i.TIM_PrescalerConfig                    0x080018dc   Section        0  stm32f4xx_tim.o(i.TIM_PrescalerConfig)
    i.TIM_SetCompare1                        0x080018e2   Section        0  stm32f4xx_tim.o(i.TIM_SetCompare1)
    i.TIM_SetCompare2                        0x080018e6   Section        0  stm32f4xx_tim.o(i.TIM_SetCompare2)
    i.TIM_SetCompare3                        0x080018ea   Section        0  stm32f4xx_tim.o(i.TIM_SetCompare3)
    i.TIM_SetCompare4                        0x080018ee   Section        0  stm32f4xx_tim.o(i.TIM_SetCompare4)
    i.TIM_TimeBaseInit                       0x080018f4   Section        0  stm32f4xx_tim.o(i.TIM_TimeBaseInit)
    i.TimerCoreLogic                         0x08001970   Section        0  stm32fxxx_it.o(i.TimerCoreLogic)
    i.USBD_ClrCfg                            0x08001a5c   Section        0  usbd_core.o(i.USBD_ClrCfg)
    i.USBD_CtlContinueRx                     0x08001a6a   Section        0  usbd_ioreq.o(i.USBD_CtlContinueRx)
    i.USBD_CtlContinueSendData               0x08001a7c   Section        0  usbd_ioreq.o(i.USBD_CtlContinueSendData)
    i.USBD_CtlError                          0x08001a8e   Section        0  usbd_req.o(i.USBD_CtlError)
    i.USBD_CtlPrepareRx                      0x08001aaa   Section        0  usbd_ioreq.o(i.USBD_CtlPrepareRx)
    i.USBD_CtlReceiveStatus                  0x08001aca   Section        0  usbd_ioreq.o(i.USBD_CtlReceiveStatus)
    i.USBD_CtlSendData                       0x08001aec   Section        0  usbd_ioreq.o(i.USBD_CtlSendData)
    i.USBD_CtlSendStatus                     0x08001b0c   Section        0  usbd_ioreq.o(i.USBD_CtlSendStatus)
    i.USBD_DataInStage                       0x08001b30   Section        0  usbd_core.o(i.USBD_DataInStage)
    USBD_DataInStage                         0x08001b31   Thumb Code   172  usbd_core.o(i.USBD_DataInStage)
    i.USBD_DataOutStage                      0x08001be0   Section        0  usbd_core.o(i.USBD_DataOutStage)
    USBD_DataOutStage                        0x08001be1   Thumb Code   120  usbd_core.o(i.USBD_DataOutStage)
    i.USBD_DevConnected                      0x08001c58   Section        0  usbd_core.o(i.USBD_DevConnected)
    USBD_DevConnected                        0x08001c59   Thumb Code    22  usbd_core.o(i.USBD_DevConnected)
    i.USBD_DevDisconnected                   0x08001c6e   Section        0  usbd_core.o(i.USBD_DevDisconnected)
    USBD_DevDisconnected                     0x08001c6f   Thumb Code    32  usbd_core.o(i.USBD_DevDisconnected)
    i.USBD_GetDescriptor                     0x08001c8e   Section        0  usbd_req.o(i.USBD_GetDescriptor)
    USBD_GetDescriptor                       0x08001c8f   Thumb Code   206  usbd_req.o(i.USBD_GetDescriptor)
    i.USBD_GetString                         0x08001d5c   Section        0  usbd_req.o(i.USBD_GetString)
    i.USBD_Init                              0x08001da2   Section        0  usbd_core.o(i.USBD_Init)
    i.USBD_IsoINIncomplete                   0x08001dd6   Section        0  usbd_core.o(i.USBD_IsoINIncomplete)
    USBD_IsoINIncomplete                     0x08001dd7   Thumb Code    14  usbd_core.o(i.USBD_IsoINIncomplete)
    i.USBD_IsoOUTIncomplete                  0x08001de4   Section        0  usbd_core.o(i.USBD_IsoOUTIncomplete)
    USBD_IsoOUTIncomplete                    0x08001de5   Thumb Code    14  usbd_core.o(i.USBD_IsoOUTIncomplete)
    i.USBD_OTG_ISR_Handler                   0x08001df4   Section        0  usb_dcd_int.o(i.USBD_OTG_ISR_Handler)
    i.USBD_ParseSetupRequest                 0x08001f6c   Section        0  usbd_req.o(i.USBD_ParseSetupRequest)
    i.USBD_Reset                             0x08001fb0   Section        0  usbd_core.o(i.USBD_Reset)
    USBD_Reset                               0x08001fb1   Thumb Code    46  usbd_core.o(i.USBD_Reset)
    i.USBD_Resume                            0x08001fde   Section        0  usbd_core.o(i.USBD_Resume)
    USBD_Resume                              0x08001fdf   Thumb Code    22  usbd_core.o(i.USBD_Resume)
    i.USBD_SOF                               0x08001ff4   Section        0  usbd_core.o(i.USBD_SOF)
    USBD_SOF                                 0x08001ff5   Thumb Code    16  usbd_core.o(i.USBD_SOF)
    i.USBD_SetCfg                            0x08002004   Section        0  usbd_core.o(i.USBD_SetCfg)
    i.USBD_SetConfig                         0x08002020   Section        0  usbd_req.o(i.USBD_SetConfig)
    USBD_SetConfig                           0x08002021   Thumb Code   112  usbd_req.o(i.USBD_SetConfig)
    i.USBD_SetFeature                        0x08002094   Section        0  usbd_req.o(i.USBD_SetFeature)
    USBD_SetFeature                          0x08002095   Thumb Code   118  usbd_req.o(i.USBD_SetFeature)
    i.USBD_SetupStage                        0x08002110   Section        0  usbd_core.o(i.USBD_SetupStage)
    USBD_SetupStage                          0x08002111   Thumb Code    72  usbd_core.o(i.USBD_SetupStage)
    i.USBD_StdDevReq                         0x08002158   Section        0  usbd_req.o(i.USBD_StdDevReq)
    i.USBD_StdEPReq                          0x08002248   Section        0  usbd_req.o(i.USBD_StdEPReq)
    i.USBD_StdItfReq                         0x0800231c   Section        0  usbd_req.o(i.USBD_StdItfReq)
    i.USBD_Suspend                           0x08002352   Section        0  usbd_core.o(i.USBD_Suspend)
    USBD_Suspend                             0x08002353   Thumb Code    28  usbd_core.o(i.USBD_Suspend)
    i.USBD_USR_ConfigStrDescriptor           0x08002370   Section        0  usbd_desc.o(i.USBD_USR_ConfigStrDescriptor)
    i.USBD_USR_DeviceConfigured              0x08002390   Section        0  usbd_usr.o(i.USBD_USR_DeviceConfigured)
    i.USBD_USR_DeviceConnected               0x08002392   Section        0  usbd_usr.o(i.USBD_USR_DeviceConnected)
    i.USBD_USR_DeviceDescriptor              0x08002394   Section        0  usbd_desc.o(i.USBD_USR_DeviceDescriptor)
    i.USBD_USR_DeviceDisconnected            0x080023a0   Section        0  usbd_usr.o(i.USBD_USR_DeviceDisconnected)
    i.USBD_USR_DeviceReset                   0x080023a2   Section        0  usbd_usr.o(i.USBD_USR_DeviceReset)
    i.USBD_USR_DeviceResumed                 0x080023a4   Section        0  usbd_usr.o(i.USBD_USR_DeviceResumed)
    i.USBD_USR_DeviceSuspended               0x080023a6   Section        0  usbd_usr.o(i.USBD_USR_DeviceSuspended)
    i.USBD_USR_Init                          0x080023a8   Section        0  usbd_usr.o(i.USBD_USR_Init)
    i.USBD_USR_InterfaceStrDescriptor        0x080023ac   Section        0  usbd_desc.o(i.USBD_USR_InterfaceStrDescriptor)
    i.USBD_USR_LangIDStrDescriptor           0x080023d0   Section        0  usbd_desc.o(i.USBD_USR_LangIDStrDescriptor)
    i.USBD_USR_ManufacturerStrDescriptor     0x080023dc   Section        0  usbd_desc.o(i.USBD_USR_ManufacturerStrDescriptor)
    i.USBD_USR_ProductStrDescriptor          0x08002404   Section        0  usbd_desc.o(i.USBD_USR_ProductStrDescriptor)
    i.USBD_USR_SerialStrDescriptor           0x0800243c   Section        0  usbd_desc.o(i.USBD_USR_SerialStrDescriptor)
    i.USBD_cdc_GetCfgDesc                    0x08002460   Section        0  usbd_cdc_core.o(i.USBD_cdc_GetCfgDesc)
    USBD_cdc_GetCfgDesc                      0x08002461   Thumb Code     8  usbd_cdc_core.o(i.USBD_cdc_GetCfgDesc)
    i.USB_OTG_BSP_EnableInterrupt            0x0800246c   Section        0  usb_bsp.o(i.USB_OTG_BSP_EnableInterrupt)
    i.USB_OTG_BSP_Init                       0x08002494   Section        0  usb_bsp.o(i.USB_OTG_BSP_Init)
    i.USB_OTG_BSP_mDelay                     0x08002534   Section        0  usb_bsp.o(i.USB_OTG_BSP_mDelay)
    i.USB_OTG_BSP_uDelay                     0x0800253e   Section        0  usb_bsp.o(i.USB_OTG_BSP_uDelay)
    i.USB_OTG_CoreInit                       0x08002554   Section        0  usb_core.o(i.USB_OTG_CoreInit)
    i.USB_OTG_CoreInitDev                    0x080025d4   Section        0  usb_core.o(i.USB_OTG_CoreInitDev)
    i.USB_OTG_CoreReset                      0x08002704   Section        0  usb_core.o(i.USB_OTG_CoreReset)
    USB_OTG_CoreReset                        0x08002705   Thumb Code    84  usb_core.o(i.USB_OTG_CoreReset)
    i.USB_OTG_DisableGlobalInt               0x0800275c   Section        0  usb_core.o(i.USB_OTG_DisableGlobalInt)
    i.USB_OTG_EP0Activate                    0x0800276c   Section        0  usb_core.o(i.USB_OTG_EP0Activate)
    i.USB_OTG_EP0StartXfer                   0x080027a8   Section        0  usb_core.o(i.USB_OTG_EP0StartXfer)
    i.USB_OTG_EP0_OutStart                   0x08002860   Section        0  usb_core.o(i.USB_OTG_EP0_OutStart)
    i.USB_OTG_EPActivate                     0x08002884   Section        0  usb_core.o(i.USB_OTG_EPActivate)
    i.USB_OTG_EPClearStall                   0x080028d6   Section        0  usb_core.o(i.USB_OTG_EPClearStall)
    i.USB_OTG_EPDeactivate                   0x08002908   Section        0  usb_core.o(i.USB_OTG_EPDeactivate)
    i.USB_OTG_EPSetStall                     0x0800293c   Section        0  usb_core.o(i.USB_OTG_EPSetStall)
    i.USB_OTG_EPStartXfer                    0x0800296c   Section        0  usb_core.o(i.USB_OTG_EPStartXfer)
    i.USB_OTG_EnableDevInt                   0x08002a8c   Section        0  usb_core.o(i.USB_OTG_EnableDevInt)
    i.USB_OTG_EnableGlobalInt                0x08002adc   Section        0  usb_core.o(i.USB_OTG_EnableGlobalInt)
    i.USB_OTG_FlushRxFifo                    0x08002aec   Section        0  usb_core.o(i.USB_OTG_FlushRxFifo)
    i.USB_OTG_FlushTxFifo                    0x08002b24   Section        0  usb_core.o(i.USB_OTG_FlushTxFifo)
    i.USB_OTG_GetDeviceSpeed                 0x08002b64   Section        0  usb_core.o(i.USB_OTG_GetDeviceSpeed)
    i.USB_OTG_InitDevSpeed                   0x08002b8a   Section        0  usb_core.o(i.USB_OTG_InitDevSpeed)
    i.USB_OTG_IsDeviceMode                   0x08002b96   Section        0  usb_core.o(i.USB_OTG_IsDeviceMode)
    i.USB_OTG_ReadCoreItr                    0x08002ba8   Section        0  usb_core.o(i.USB_OTG_ReadCoreItr)
    i.USB_OTG_ReadDevAllInEPItr              0x08002bb2   Section        0  usb_core.o(i.USB_OTG_ReadDevAllInEPItr)
    i.USB_OTG_ReadDevAllOutEp_itr            0x08002bbe   Section        0  usb_core.o(i.USB_OTG_ReadDevAllOutEp_itr)
    i.USB_OTG_ReadDevOutEP_itr               0x08002bca   Section        0  usb_core.o(i.USB_OTG_ReadDevOutEP_itr)
    i.USB_OTG_ReadPacket                     0x08002bda   Section        0  usb_core.o(i.USB_OTG_ReadPacket)
    i.USB_OTG_SelectCore                     0x08002bfc   Section        0  usb_core.o(i.USB_OTG_SelectCore)
    i.USB_OTG_SetCurrentMode                 0x08002cbc   Section        0  usb_core.o(i.USB_OTG_SetCurrentMode)
    i.USB_OTG_WritePacket                    0x08002ce6   Section        0  usb_core.o(i.USB_OTG_WritePacket)
    i.UsageFault_Handler                     0x08002d0e   Section        0  stm32fxxx_it.o(i.UsageFault_Handler)
    i.VCP_Ctrl                               0x08002d10   Section        0  usbd_cdc_vcp.o(i.VCP_Ctrl)
    VCP_Ctrl                                 0x08002d11   Thumb Code    78  usbd_cdc_vcp.o(i.VCP_Ctrl)
    i.VCP_DataRx                             0x08002d64   Section        0  usbd_cdc_vcp.o(i.VCP_DataRx)
    i.VCP_DataTx                             0x08002d80   Section        0  usbd_cdc_vcp.o(i.VCP_DataTx)
    i.VCP_DeInit                             0x08002db4   Section        0  usbd_cdc_vcp.o(i.VCP_DeInit)
    VCP_DeInit                               0x08002db5   Thumb Code     4  usbd_cdc_vcp.o(i.VCP_DeInit)
    i.VCP_Init                               0x08002db8   Section        0  usbd_cdc_vcp.o(i.VCP_Init)
    VCP_Init                                 0x08002db9   Thumb Code     4  usbd_cdc_vcp.o(i.VCP_Init)
    i.__0snprintf$1                          0x08002dbc   Section        0  printf1.o(i.__0snprintf$1)
    i.__0sprintf$1                           0x08002de4   Section        0  printf1.o(i.__0sprintf$1)
    i.__scatterload_copy                     0x08002e0c   Section       14  handlers.o(i.__scatterload_copy)
    i.__scatterload_null                     0x08002e1a   Section        2  handlers.o(i.__scatterload_null)
    i.__scatterload_zeroinit                 0x08002e1c   Section       14  handlers.o(i.__scatterload_zeroinit)
    i._printf_core                           0x08002e2c   Section        0  printf1.o(i._printf_core)
    _printf_core                             0x08002e2d   Thumb Code   336  printf1.o(i._printf_core)
    i._snputc                                0x08002f80   Section        0  printf1.o(i._snputc)
    _snputc                                  0x08002f81   Thumb Code    22  printf1.o(i._snputc)
    i._sputc                                 0x08002f96   Section        0  printf1.o(i._sputc)
    _sputc                                   0x08002f97   Thumb Code    10  printf1.o(i._sputc)
    i.clean                                  0x08002fa0   Section        0  main.o(i.clean)
    i.init_Compartments                      0x08002fb4   Section        0  main.o(i.init_Compartments)
    i.lcd_clrscr                             0x080030c0   Section        0  lcd.o(i.lcd_clrscr)
    i.lcd_command                            0x080030c6   Section        0  lcd.o(i.lcd_command)
    i.lcd_e_high                             0x080030e4   Section        0  lcd.o(i.lcd_e_high)
    i.lcd_e_low                              0x080030f4   Section        0  lcd.o(i.lcd_e_low)
    i.lcd_e_toggle                           0x08003104   Section        0  lcd.o(i.lcd_e_toggle)
    i.lcd_gotoxy                             0x08003124   Section        0  lcd.o(i.lcd_gotoxy)
    i.lcd_init                               0x08003134   Section        0  lcd.o(i.lcd_init)
    i.lcd_newline                            0x080031cc   Section        0  lcd.o(i.lcd_newline)
    i.lcd_putc                               0x080031ea   Section        0  lcd.o(i.lcd_putc)
    i.lcd_puts                               0x08003234   Section        0  lcd.o(i.lcd_puts)
    i.lcd_read                               0x0800324c   Section        0  lcd.o(i.lcd_read)
    i.lcd_rs_high                            0x080032bc   Section        0  lcd.o(i.lcd_rs_high)
    i.lcd_rs_low                             0x080032cc   Section        0  lcd.o(i.lcd_rs_low)
    i.lcd_rw_high                            0x080032dc   Section        0  lcd.o(i.lcd_rw_high)
    i.lcd_rw_low                             0x080032ec   Section        0  lcd.o(i.lcd_rw_low)
    i.lcd_waitbusy                           0x080032fc   Section        0  lcd.o(i.lcd_waitbusy)
    i.lcd_write                              0x0800331c   Section        0  lcd.o(i.lcd_write)
    i.main                                   0x080033a0   Section        0  main.o(i.main)
    i.reportResult                           0x080035ac   Section        0  stm32fxxx_it.o(i.reportResult)
    i.usbd_cdc_DataIn                        0x0800364c   Section        0  usbd_cdc_core.o(i.usbd_cdc_DataIn)
    usbd_cdc_DataIn                          0x0800364d   Thumb Code    64  usbd_cdc_core.o(i.usbd_cdc_DataIn)
    i.usbd_cdc_DataOut                       0x08003694   Section        0  usbd_cdc_core.o(i.usbd_cdc_DataOut)
    usbd_cdc_DataOut                         0x08003695   Thumb Code    42  usbd_cdc_core.o(i.usbd_cdc_DataOut)
    i.usbd_cdc_DeInit                        0x080036c8   Section        0  usbd_cdc_core.o(i.usbd_cdc_DeInit)
    usbd_cdc_DeInit                          0x080036c9   Thumb Code    36  usbd_cdc_core.o(i.usbd_cdc_DeInit)
    i.usbd_cdc_EP0_RxReady                   0x080036f0   Section        0  usbd_cdc_core.o(i.usbd_cdc_EP0_RxReady)
    usbd_cdc_EP0_RxReady                     0x080036f1   Thumb Code    30  usbd_cdc_core.o(i.usbd_cdc_EP0_RxReady)
    i.usbd_cdc_Init                          0x08003718   Section        0  usbd_cdc_core.o(i.usbd_cdc_Init)
    usbd_cdc_Init                            0x08003719   Thumb Code    70  usbd_cdc_core.o(i.usbd_cdc_Init)
    i.usbd_cdc_SOF                           0x0800376c   Section        0  usbd_cdc_core.o(i.usbd_cdc_SOF)
    usbd_cdc_SOF                             0x0800376d   Thumb Code    26  usbd_cdc_core.o(i.usbd_cdc_SOF)
    i.usbd_cdc_Setup                         0x0800378c   Section        0  usbd_cdc_core.o(i.usbd_cdc_Setup)
    usbd_cdc_Setup                           0x0800378d   Thumb Code   172  usbd_cdc_core.o(i.usbd_cdc_Setup)
    .constdata                               0x08003840   Section       56  stm32f4_discovery.o(.constdata)
    .constdata                               0x08003878   Section       64  ctype_c.o(.constdata)
    .data                                    0x20000000   Section       20  system_stm32f4xx.o(.data)
    .data                                    0x20000014   Section       28  main.o(.data)
    .data                                    0x20000030   Section        4  main.o(.data)
    .data                                    0x20000034   Section       28  usbd_usr.o(.data)
    .data                                    0x20000050   Section       28  usbd_desc.o(.data)
    .data                                    0x2000006c   Section       22  usbd_desc.o(.data)
    .data                                    0x20000084   Section        8  usbd_cdc_vcp.o(.data)
    .data                                    0x2000008c   Section       20  usbd_cdc_vcp.o(.data)
    .data                                    0x200000a0   Section        4  stm32fxxx_it.o(.data)
    .data                                    0x200000a4   Section        8  lcd.o(.data)
    .data                                    0x200000ac   Section       32  stm32f4_discovery.o(.data)
    .data                                    0x200000cc   Section       16  usbd_req.o(.data)
    cfgidx                                   0x200000cc   Data           1  usbd_req.o(.data)
    .data                                    0x200000dc   Section       44  usbd_core.o(.data)
    .data                                    0x20000108   Section        4  usbd_core.o(.data)
    .data                                    0x2000010c   Section        4  usbd_core.o(.data)
    .data                                    0x20000110   Section      107  usbd_cdc_core.o(.data)
    usbd_cdc_AltSet                          0x20000114   Data           4  usbd_cdc_core.o(.data)
    cdcCmd                                   0x20000124   Data           4  usbd_cdc_core.o(.data)
    cdcLen                                   0x20000128   Data           4  usbd_cdc_core.o(.data)
    FrameCount                               0x2000012c   Data           4  usbd_cdc_core.o(.data)
    .data                                    0x2000017c   Section       44  usbd_cdc_core.o(.data)
    .bss                                     0x200001a8   Section     1717  main.o(.bss)
    .bss                                     0x2000085d   Section       17  usbd_cdc_vcp.o(.bss)
    .bss                                     0x2000086e   Section      255  usbd_req.o(.bss)
    .bss                                     0x2000096d   Section     2112  usbd_cdc_core.o(.bss)
    STACK                                    0x200011b0   Section     1024  startup_stm32f4xx.o(STACK)

    Global Symbols

    Symbol Name                              Value     Ov Type        Size  Object(Section)

    BuildAttributes$$THM_ISAv4$E$P$D$K$B$S$7EM$VFPi3$EXTD16$VFPS$VFMA$PE$A:L22UL41UL21$X:L11$S22US41US21$IEEE1$IW$USESV6$~STKCKD$USESV7$~SHL$OSPACE$ROPI$EBA8$MICROLIB$REQ8$PRES8$EABIv2 0x00000000   Number         0  anon$$obj.o ABSOLUTE
    __ARM_use_no_argv                        0x00000000   Number         0  main.o ABSOLUTE
    _printf_a                                0x00000000   Number         0  stubs.o ABSOLUTE
    _printf_c                                0x00000000   Number         0  stubs.o ABSOLUTE
    _printf_charcount                        0x00000000   Number         0  stubs.o ABSOLUTE
    _printf_d                                0x00000000   Number         0  stubs.o ABSOLUTE
    _printf_e                                0x00000000   Number         0  stubs.o ABSOLUTE
    _printf_f                                0x00000000   Number         0  stubs.o ABSOLUTE
    _printf_flags                            0x00000000   Number         0  stubs.o ABSOLUTE
    _printf_fp_dec                           0x00000000   Number         0  stubs.o ABSOLUTE
    _printf_fp_hex                           0x00000000   Number         0  stubs.o ABSOLUTE
    _printf_g                                0x00000000   Number         0  stubs.o ABSOLUTE
    _printf_i                                0x00000000   Number         0  stubs.o ABSOLUTE
    _printf_int_dec                          0x00000000   Number         0  stubs.o ABSOLUTE
    _printf_l                                0x00000000   Number         0  stubs.o ABSOLUTE
    _printf_lc                               0x00000000   Number         0  stubs.o ABSOLUTE
    _printf_ll                               0x00000000   Number         0  stubs.o ABSOLUTE
    _printf_lld                              0x00000000   Number         0  stubs.o ABSOLUTE
    _printf_lli                              0x00000000   Number         0  stubs.o ABSOLUTE
    _printf_llo                              0x00000000   Number         0  stubs.o ABSOLUTE
    _printf_llu                              0x00000000   Number         0  stubs.o ABSOLUTE
    _printf_llx                              0x00000000   Number         0  stubs.o ABSOLUTE
    _printf_longlong_dec                     0x00000000   Number         0  stubs.o ABSOLUTE
    _printf_longlong_hex                     0x00000000   Number         0  stubs.o ABSOLUTE
    _printf_longlong_oct                     0x00000000   Number         0  stubs.o ABSOLUTE
    _printf_ls                               0x00000000   Number         0  stubs.o ABSOLUTE
    _printf_mbtowc                           0x00000000   Number         0  stubs.o ABSOLUTE
    _printf_n                                0x00000000   Number         0  stubs.o ABSOLUTE
    _printf_o                                0x00000000   Number         0  stubs.o ABSOLUTE
    _printf_p                                0x00000000   Number         0  stubs.o ABSOLUTE
    _printf_percent                          0x00000000   Number         0  stubs.o ABSOLUTE
    _printf_pre_padding                      0x00000000   Number         0  stubs.o ABSOLUTE
    _printf_return_value                     0x00000000   Number         0  stubs.o ABSOLUTE
    _printf_s                                0x00000000   Number         0  stubs.o ABSOLUTE
    _printf_sizespec                         0x00000000   Number         0  stubs.o ABSOLUTE
    _printf_str                              0x00000000   Number         0  stubs.o ABSOLUTE
    _printf_truncate_signed                  0x00000000   Number         0  stubs.o ABSOLUTE
    _printf_truncate_unsigned                0x00000000   Number         0  stubs.o ABSOLUTE
    _printf_u                                0x00000000   Number         0  stubs.o ABSOLUTE
    _printf_wc                               0x00000000   Number         0  stubs.o ABSOLUTE
    _printf_wctomb                           0x00000000   Number         0  stubs.o ABSOLUTE
    _printf_widthprec                        0x00000000   Number         0  stubs.o ABSOLUTE
    _printf_x                                0x00000000   Number         0  stubs.o ABSOLUTE
    __cpp_initialize__aeabi_                  - Undefined Weak Reference
    __cxa_finalize                            - Undefined Weak Reference
    _clock_init                               - Undefined Weak Reference
    _microlib_exit                            - Undefined Weak Reference
    _scanf_longlong                           - Undefined Weak Reference
    _scanf_real                               - Undefined Weak Reference
    _scanf_string                             - Undefined Weak Reference
    __Vectors_Size                           0x00000188   Number         0  startup_stm32f4xx.o ABSOLUTE
    __Vectors                                0x08000000   Data           4  startup_stm32f4xx.o(RESET)
    __Vectors_End                            0x08000188   Data           0  startup_stm32f4xx.o(RESET)
    __main                                   0x08000189   Thumb Code     0  entry.o(.ARM.Collect$$$$00000000)
    _main_stk                                0x08000189   Thumb Code     0  entry2.o(.ARM.Collect$$$$00000001)
    _main_scatterload                        0x0800018d   Thumb Code     0  entry5.o(.ARM.Collect$$$$00000004)
    __main_after_scatterload                 0x08000191   Thumb Code     0  entry5.o(.ARM.Collect$$$$00000004)
    _main_clock                              0x08000191   Thumb Code     0  entry7b.o(.ARM.Collect$$$$00000008)
    _main_cpp_init                           0x08000191   Thumb Code     0  entry8b.o(.ARM.Collect$$$$0000000A)
    _main_init                               0x08000191   Thumb Code     0  entry9a.o(.ARM.Collect$$$$0000000B)
    __rt_final_cpp                           0x08000199   Thumb Code     0  entry10a.o(.ARM.Collect$$$$0000000D)
    __rt_final_exit                          0x08000199   Thumb Code     0  entry11a.o(.ARM.Collect$$$$0000000F)
    Reset_Handler                            0x0800019d   Thumb Code    18  startup_stm32f4xx.o(.text)
    ADC_IRQHandler                           0x080001c1   Thumb Code     0  startup_stm32f4xx.o(.text)
    CAN1_RX0_IRQHandler                      0x080001c1   Thumb Code     0  startup_stm32f4xx.o(.text)
    CAN1_RX1_IRQHandler                      0x080001c1   Thumb Code     0  startup_stm32f4xx.o(.text)
    CAN1_SCE_IRQHandler                      0x080001c1   Thumb Code     0  startup_stm32f4xx.o(.text)
    CAN1_TX_IRQHandler                       0x080001c1   Thumb Code     0  startup_stm32f4xx.o(.text)
    CAN2_RX0_IRQHandler                      0x080001c1   Thumb Code     0  startup_stm32f4xx.o(.text)
    CAN2_RX1_IRQHandler                      0x080001c1   Thumb Code     0  startup_stm32f4xx.o(.text)
    CAN2_SCE_IRQHandler                      0x080001c1   Thumb Code     0  startup_stm32f4xx.o(.text)
    CAN2_TX_IRQHandler                       0x080001c1   Thumb Code     0  startup_stm32f4xx.o(.text)
    CRYP_IRQHandler                          0x080001c1   Thumb Code     0  startup_stm32f4xx.o(.text)
    DCMI_IRQHandler                          0x080001c1   Thumb Code     0  startup_stm32f4xx.o(.text)
    DMA1_Stream0_IRQHandler                  0x080001c1   Thumb Code     0  startup_stm32f4xx.o(.text)
    DMA1_Stream1_IRQHandler                  0x080001c1   Thumb Code     0  startup_stm32f4xx.o(.text)
    DMA1_Stream2_IRQHandler                  0x080001c1   Thumb Code     0  startup_stm32f4xx.o(.text)
    DMA1_Stream3_IRQHandler                  0x080001c1   Thumb Code     0  startup_stm32f4xx.o(.text)
    DMA1_Stream4_IRQHandler                  0x080001c1   Thumb Code     0  startup_stm32f4xx.o(.text)
    DMA1_Stream5_IRQHandler                  0x080001c1   Thumb Code     0  startup_stm32f4xx.o(.text)
    DMA1_Stream6_IRQHandler                  0x080001c1   Thumb Code     0  startup_stm32f4xx.o(.text)
    DMA1_Stream7_IRQHandler                  0x080001c1   Thumb Code     0  startup_stm32f4xx.o(.text)
    DMA2_Stream0_IRQHandler                  0x080001c1   Thumb Code     0  startup_stm32f4xx.o(.text)
    DMA2_Stream1_IRQHandler                  0x080001c1   Thumb Code     0  startup_stm32f4xx.o(.text)
    DMA2_Stream2_IRQHandler                  0x080001c1   Thumb Code     0  startup_stm32f4xx.o(.text)
    DMA2_Stream3_IRQHandler                  0x080001c1   Thumb Code     0  startup_stm32f4xx.o(.text)
    DMA2_Stream4_IRQHandler                  0x080001c1   Thumb Code     0  startup_stm32f4xx.o(.text)
    DMA2_Stream5_IRQHandler                  0x080001c1   Thumb Code     0  startup_stm32f4xx.o(.text)
    DMA2_Stream6_IRQHandler                  0x080001c1   Thumb Code     0  startup_stm32f4xx.o(.text)
    DMA2_Stream7_IRQHandler                  0x080001c1   Thumb Code     0  startup_stm32f4xx.o(.text)
    ETH_IRQHandler                           0x080001c1   Thumb Code     0  startup_stm32f4xx.o(.text)
    ETH_WKUP_IRQHandler                      0x080001c1   Thumb Code     0  startup_stm32f4xx.o(.text)
    EXTI15_10_IRQHandler                     0x080001c1   Thumb Code     0  startup_stm32f4xx.o(.text)
    EXTI1_IRQHandler                         0x080001c1   Thumb Code     0  startup_stm32f4xx.o(.text)
    EXTI3_IRQHandler                         0x080001c1   Thumb Code     0  startup_stm32f4xx.o(.text)
    FLASH_IRQHandler                         0x080001c1   Thumb Code     0  startup_stm32f4xx.o(.text)
    FPU_IRQHandler                           0x080001c1   Thumb Code     0  startup_stm32f4xx.o(.text)
    FSMC_IRQHandler                          0x080001c1   Thumb Code     0  startup_stm32f4xx.o(.text)
    HASH_RNG_IRQHandler                      0x080001c1   Thumb Code     0  startup_stm32f4xx.o(.text)
    I2C1_ER_IRQHandler                       0x080001c1   Thumb Code     0  startup_stm32f4xx.o(.text)
    I2C1_EV_IRQHandler                       0x080001c1   Thumb Code     0  startup_stm32f4xx.o(.text)
    I2C2_ER_IRQHandler                       0x080001c1   Thumb Code     0  startup_stm32f4xx.o(.text)
    I2C2_EV_IRQHandler                       0x080001c1   Thumb Code     0  startup_stm32f4xx.o(.text)
    I2C3_ER_IRQHandler                       0x080001c1   Thumb Code     0  startup_stm32f4xx.o(.text)
    I2C3_EV_IRQHandler                       0x080001c1   Thumb Code     0  startup_stm32f4xx.o(.text)
    OTG_HS_EP1_IN_IRQHandler                 0x080001c1   Thumb Code     0  startup_stm32f4xx.o(.text)
    OTG_HS_EP1_OUT_IRQHandler                0x080001c1   Thumb Code     0  startup_stm32f4xx.o(.text)
    OTG_HS_IRQHandler                        0x080001c1   Thumb Code     0  startup_stm32f4xx.o(.text)
    OTG_HS_WKUP_IRQHandler                   0x080001c1   Thumb Code     0  startup_stm32f4xx.o(.text)
    PVD_IRQHandler                           0x080001c1   Thumb Code     0  startup_stm32f4xx.o(.text)
    RCC_IRQHandler                           0x080001c1   Thumb Code     0  startup_stm32f4xx.o(.text)
    RTC_Alarm_IRQHandler                     0x080001c1   Thumb Code     0  startup_stm32f4xx.o(.text)
    RTC_WKUP_IRQHandler                      0x080001c1   Thumb Code     0  startup_stm32f4xx.o(.text)
    SDIO_IRQHandler                          0x080001c1   Thumb Code     0  startup_stm32f4xx.o(.text)
    SPI1_IRQHandler                          0x080001c1   Thumb Code     0  startup_stm32f4xx.o(.text)
    SPI2_IRQHandler                          0x080001c1   Thumb Code     0  startup_stm32f4xx.o(.text)
    SPI3_IRQHandler                          0x080001c1   Thumb Code     0  startup_stm32f4xx.o(.text)
    TAMP_STAMP_IRQHandler                    0x080001c1   Thumb Code     0  startup_stm32f4xx.o(.text)
    TIM1_BRK_TIM9_IRQHandler                 0x080001c1   Thumb Code     0  startup_stm32f4xx.o(.text)
    TIM1_CC_IRQHandler                       0x080001c1   Thumb Code     0  startup_stm32f4xx.o(.text)
    TIM1_TRG_COM_TIM11_IRQHandler            0x080001c1   Thumb Code     0  startup_stm32f4xx.o(.text)
    TIM1_UP_TIM10_IRQHandler                 0x080001c1   Thumb Code     0  startup_stm32f4xx.o(.text)
    TIM2_IRQHandler                          0x080001c1   Thumb Code     0  startup_stm32f4xx.o(.text)
    TIM4_IRQHandler                          0x080001c1   Thumb Code     0  startup_stm32f4xx.o(.text)
    TIM5_IRQHandler                          0x080001c1   Thumb Code     0  startup_stm32f4xx.o(.text)
    TIM6_DAC_IRQHandler                      0x080001c1   Thumb Code     0  startup_stm32f4xx.o(.text)
    TIM7_IRQHandler                          0x080001c1   Thumb Code     0  startup_stm32f4xx.o(.text)
    TIM8_BRK_TIM12_IRQHandler                0x080001c1   Thumb Code     0  startup_stm32f4xx.o(.text)
    TIM8_CC_IRQHandler                       0x080001c1   Thumb Code     0  startup_stm32f4xx.o(.text)
    TIM8_TRG_COM_TIM14_IRQHandler            0x080001c1   Thumb Code     0  startup_stm32f4xx.o(.text)
    TIM8_UP_TIM13_IRQHandler                 0x080001c1   Thumb Code     0  startup_stm32f4xx.o(.text)
    UART4_IRQHandler                         0x080001c1   Thumb Code     0  startup_stm32f4xx.o(.text)
    UART5_IRQHandler                         0x080001c1   Thumb Code     0  startup_stm32f4xx.o(.text)
    USART1_IRQHandler                        0x080001c1   Thumb Code     0  startup_stm32f4xx.o(.text)
    USART2_IRQHandler                        0x080001c1   Thumb Code     0  startup_stm32f4xx.o(.text)
    USART3_IRQHandler                        0x080001c1   Thumb Code     0  startup_stm32f4xx.o(.text)
    USART6_IRQHandler                        0x080001c1   Thumb Code     0  startup_stm32f4xx.o(.text)
    WWDG_IRQHandler                          0x080001c1   Thumb Code     0  startup_stm32f4xx.o(.text)
    __0sscanf                                0x080001d1   Thumb Code    48  __0sscanf.o(.text)
    _scanf_int                               0x08000209   Thumb Code   332  _scanf_int.o(.text)
    __aeabi_uidiv                            0x08000355   Thumb Code     0  uidiv.o(.text)
    __aeabi_uidivmod                         0x08000355   Thumb Code    44  uidiv.o(.text)
    _chval                                   0x08000381   Thumb Code    28  _chval.o(.text)
    __vfscanf_char                           0x080003a9   Thumb Code    20  scanf_char.o(.text)
    _sgetc                                   0x080003c5   Thumb Code    30  _sgetc.o(.text)
    _sbackspace                              0x080003e3   Thumb Code    34  _sgetc.o(.text)
    __scatterload                            0x08000405   Thumb Code    28  init.o(.text)
    __scatterload_rt2                        0x08000405   Thumb Code     0  init.o(.text)
    isspace                                  0x08000429   Thumb Code    10  isspace_c.o(.text)
    __vfscanf                                0x08000435   Thumb Code   802  _scanf.o(.text)
    __ctype_lookup                           0x0800075d   Thumb Code    34  ctype_c.o(.text)
    __decompress                             0x08000785   Thumb Code     0  __dczerorl2.o(.text)
    __decompress1                            0x08000785   Thumb Code    86  __dczerorl2.o(.text)
    Delay                                    0x080007dd   Thumb Code    22  lcd.o(ei.Delay)
    lcd_e_delay                              0x080007f5   Thumb Code    14  lcd.o(ei.lcd_e_delay)
    BusFault_Handler                         0x08000803   Thumb Code     2  stm32fxxx_it.o(i.BusFault_Handler)
    COM1_Config                              0x08000805   Thumb Code   302  main.o(i.COM1_Config)
    DCD_EP_Close                             0x08000945   Thumb Code    44  usb_dcd.o(i.DCD_EP_Close)
    DCD_EP_ClrStall                          0x08000971   Thumb Code    56  usb_dcd.o(i.DCD_EP_ClrStall)
    DCD_EP_Open                              0x080009a9   Thumb Code    60  usb_dcd.o(i.DCD_EP_Open)
    DCD_EP_PrepareRx                         0x080009e5   Thumb Code    68  usb_dcd.o(i.DCD_EP_PrepareRx)
    DCD_EP_SetAddress                        0x08000a29   Thumb Code    16  usb_dcd.o(i.DCD_EP_SetAddress)
    DCD_EP_Stall                             0x08000a39   Thumb Code    56  usb_dcd.o(i.DCD_EP_Stall)
    DCD_EP_Tx                                0x08000a71   Thumb Code    62  usb_dcd.o(i.DCD_EP_Tx)
    DCD_Init                                 0x08000d99   Thumb Code   148  usb_dcd.o(i.DCD_Init)
    DebugMon_Handler                         0x08000eab   Thumb Code     2  stm32fxxx_it.o(i.DebugMon_Handler)
    Delay2                                   0x08000ead   Thumb Code    12  main.o(i.Delay2)
    EXTI0_IRQHandler                         0x08000eb9   Thumb Code    32  stm32fxxx_it.o(i.EXTI0_IRQHandler)
    EXTI2_IRQHandler                         0x08000edd   Thumb Code    32  stm32fxxx_it.o(i.EXTI2_IRQHandler)
    EXTI4_IRQHandler                         0x08000f01   Thumb Code    38  stm32fxxx_it.o(i.EXTI4_IRQHandler)
    EXTI9_5_IRQHandler                       0x08000f2d   Thumb Code    32  stm32fxxx_it.o(i.EXTI9_5_IRQHandler)
    EXTI_ClearITPendingBit                   0x08000f51   Thumb Code     6  stm32f4xx_exti.o(i.EXTI_ClearITPendingBit)
    EXTI_Config                              0x08000f5d   Thumb Code   264  main.o(i.EXTI_Config)
    EXTI_GetITStatus                         0x08001069   Thumb Code    28  stm32f4xx_exti.o(i.EXTI_GetITStatus)
    EXTI_Init                                0x08001089   Thumb Code   108  stm32f4xx_exti.o(i.EXTI_Init)
    GPIO_Init                                0x080010f9   Thumb Code   162  stm32f4xx_gpio.o(i.GPIO_Init)
    GPIO_PinAFConfig                         0x0800119b   Thumb Code    32  stm32f4xx_gpio.o(i.GPIO_PinAFConfig)
    GPIO_ReadInputData                       0x080011bb   Thumb Code     6  stm32f4xx_gpio.o(i.GPIO_ReadInputData)
    GPIO_ReadOutputData                      0x080011c1   Thumb Code     6  stm32f4xx_gpio.o(i.GPIO_ReadOutputData)
    GPIO_ToggleBits                          0x080011c7   Thumb Code     8  stm32f4xx_gpio.o(i.GPIO_ToggleBits)
    GPIO_Write                               0x080011cf   Thumb Code     4  stm32f4xx_gpio.o(i.GPIO_Write)
    GPIO_WriteBit                            0x080011d3   Thumb Code    10  stm32f4xx_gpio.o(i.GPIO_WriteBit)
    HardFault_Handler                        0x08001245   Thumb Code     2  stm32fxxx_it.o(i.HardFault_Handler)
    MemManage_Handler                        0x08001247   Thumb Code     2  stm32fxxx_it.o(i.MemManage_Handler)
    NMI_Handler                              0x08001249   Thumb Code     2  stm32fxxx_it.o(i.NMI_Handler)
    NVIC_Init                                0x0800124d   Thumb Code    96  misc.o(i.NVIC_Init)
    NVIC_PriorityGroupConfig                 0x080012b1   Thumb Code    10  misc.o(i.NVIC_PriorityGroupConfig)
    OTG_FS_IRQHandler                        0x080012c5   Thumb Code     6  stm32fxxx_it.o(i.OTG_FS_IRQHandler)
    OTG_FS_WKUP_IRQHandler                   0x080012d1   Thumb Code     8  stm32fxxx_it.o(i.OTG_FS_WKUP_IRQHandler)
    PendSV_Handler                           0x080012d9   Thumb Code     2  stm32fxxx_it.o(i.PendSV_Handler)
    PillDropSensorLogic                      0x080012db   Thumb Code    26  stm32fxxx_it.o(i.PillDropSensorLogic)
    RCC_AHB1PeriphClockCmd                   0x080012f5   Thumb Code    18  stm32f4xx_rcc.o(i.RCC_AHB1PeriphClockCmd)
    RCC_AHB2PeriphClockCmd                   0x0800130d   Thumb Code    18  stm32f4xx_rcc.o(i.RCC_AHB2PeriphClockCmd)
    RCC_APB1PeriphClockCmd                   0x08001325   Thumb Code    18  stm32f4xx_rcc.o(i.RCC_APB1PeriphClockCmd)
    RCC_APB2PeriphClockCmd                   0x0800133d   Thumb Code    18  stm32f4xx_rcc.o(i.RCC_APB2PeriphClockCmd)
    STM_EVAL_LEDInit                         0x08001355   Thumb Code    62  stm32f4_discovery.o(i.STM_EVAL_LEDInit)
    STM_EVAL_LEDOff                          0x0800139d   Thumb Code    16  stm32f4_discovery.o(i.STM_EVAL_LEDOff)
    STM_EVAL_LEDOn                           0x080013b5   Thumb Code    16  stm32f4_discovery.o(i.STM_EVAL_LEDOn)
    STM_EVAL_LEDToggle                       0x080013cd   Thumb Code    20  stm32f4_discovery.o(i.STM_EVAL_LEDToggle)
    SVC_Handler                              0x080013e9   Thumb Code     2  stm32fxxx_it.o(i.SVC_Handler)
    SYSCFG_EXTILineConfig                    0x080013ed   Thumb Code    42  stm32f4xx_syscfg.o(i.SYSCFG_EXTILineConfig)
    SysTick_Handler                          0x080014d1   Thumb Code    10  stm32fxxx_it.o(i.SysTick_Handler)
    SystemInit                               0x080014e1   Thumb Code    62  system_stm32f4xx.o(i.SystemInit)
    TIM3_IRQHandler                          0x08001531   Thumb Code   234  stm32fxxx_it.o(i.TIM3_IRQHandler)
    TIM_ClearITPendingBit                    0x08001639   Thumb Code     6  stm32f4xx_tim.o(i.TIM_ClearITPendingBit)
    TIM_Cmd                                  0x0800163f   Thumb Code    20  stm32f4xx_tim.o(i.TIM_Cmd)
    TIM_Config                               0x08001653   Thumb Code    86  main.o(i.TIM_Config)
    TIM_GetCapture1                          0x080016a9   Thumb Code     4  stm32f4xx_tim.o(i.TIM_GetCapture1)
    TIM_GetCapture2                          0x080016ad   Thumb Code     4  stm32f4xx_tim.o(i.TIM_GetCapture2)
    TIM_GetCapture3                          0x080016b1   Thumb Code     4  stm32f4xx_tim.o(i.TIM_GetCapture3)
    TIM_GetCapture4                          0x080016b5   Thumb Code     4  stm32f4xx_tim.o(i.TIM_GetCapture4)
    TIM_GetITStatus                          0x080016b9   Thumb Code    24  stm32f4xx_tim.o(i.TIM_GetITStatus)
    TIM_ITConfig                             0x080016d1   Thumb Code    16  stm32f4xx_tim.o(i.TIM_ITConfig)
    TIM_OC1Init                              0x080016e1   Thumb Code    88  stm32f4xx_tim.o(i.TIM_OC1Init)
    TIM_OC1PreloadConfig                     0x08001741   Thumb Code    12  stm32f4xx_tim.o(i.TIM_OC1PreloadConfig)
    TIM_OC2Init                              0x0800174d   Thumb Code   120  stm32f4xx_tim.o(i.TIM_OC2Init)
    TIM_OC2PreloadConfig                     0x080017cd   Thumb Code    20  stm32f4xx_tim.o(i.TIM_OC2PreloadConfig)
    TIM_OC3Init                              0x080017e1   Thumb Code   116  stm32f4xx_tim.o(i.TIM_OC3Init)
    TIM_OC3PreloadConfig                     0x0800185d   Thumb Code    12  stm32f4xx_tim.o(i.TIM_OC3PreloadConfig)
    TIM_OC4Init                              0x08001869   Thumb Code    88  stm32f4xx_tim.o(i.TIM_OC4Init)
    TIM_OC4PreloadConfig                     0x080018c9   Thumb Code    20  stm32f4xx_tim.o(i.TIM_OC4PreloadConfig)
    TIM_PrescalerConfig                      0x080018dd   Thumb Code     6  stm32f4xx_tim.o(i.TIM_PrescalerConfig)
    TIM_SetCompare1                          0x080018e3   Thumb Code     4  stm32f4xx_tim.o(i.TIM_SetCompare1)
    TIM_SetCompare2                          0x080018e7   Thumb Code     4  stm32f4xx_tim.o(i.TIM_SetCompare2)
    TIM_SetCompare3                          0x080018eb   Thumb Code     4  stm32f4xx_tim.o(i.TIM_SetCompare3)
    TIM_SetCompare4                          0x080018ef   Thumb Code     4  stm32f4xx_tim.o(i.TIM_SetCompare4)
    TIM_TimeBaseInit                         0x080018f5   Thumb Code    96  stm32f4xx_tim.o(i.TIM_TimeBaseInit)
    TimerCoreLogic                           0x08001971   Thumb Code   218  stm32fxxx_it.o(i.TimerCoreLogic)
    USBD_ClrCfg                              0x08001a5d   Thumb Code    14  usbd_core.o(i.USBD_ClrCfg)
    USBD_CtlContinueRx                       0x08001a6b   Thumb Code    18  usbd_ioreq.o(i.USBD_CtlContinueRx)
    USBD_CtlContinueSendData                 0x08001a7d   Thumb Code    18  usbd_ioreq.o(i.USBD_CtlContinueSendData)
    USBD_CtlError                            0x08001a8f   Thumb Code    28  usbd_req.o(i.USBD_CtlError)
    USBD_CtlPrepareRx                        0x08001aab   Thumb Code    32  usbd_ioreq.o(i.USBD_CtlPrepareRx)
    USBD_CtlReceiveStatus                    0x08001acb   Thumb Code    34  usbd_ioreq.o(i.USBD_CtlReceiveStatus)
    USBD_CtlSendData                         0x08001aed   Thumb Code    32  usbd_ioreq.o(i.USBD_CtlSendData)
    USBD_CtlSendStatus                       0x08001b0d   Thumb Code    34  usbd_ioreq.o(i.USBD_CtlSendStatus)
    USBD_GetString                           0x08001d5d   Thumb Code    70  usbd_req.o(i.USBD_GetString)
    USBD_Init                                0x08001da3   Thumb Code    52  usbd_core.o(i.USBD_Init)
    USBD_OTG_ISR_Handler                     0x08001df5   Thumb Code   370  usb_dcd_int.o(i.USBD_OTG_ISR_Handler)
    USBD_ParseSetupRequest                   0x08001f6d   Thumb Code    68  usbd_req.o(i.USBD_ParseSetupRequest)
    USBD_SetCfg                              0x08002005   Thumb Code    26  usbd_core.o(i.USBD_SetCfg)
    USBD_StdDevReq                           0x08002159   Thumb Code   236  usbd_req.o(i.USBD_StdDevReq)
    USBD_StdEPReq                            0x08002249   Thumb Code   208  usbd_req.o(i.USBD_StdEPReq)
    USBD_StdItfReq                           0x0800231d   Thumb Code    54  usbd_req.o(i.USBD_StdItfReq)
    USBD_USR_ConfigStrDescriptor             0x08002371   Thumb Code    16  usbd_desc.o(i.USBD_USR_ConfigStrDescriptor)
    USBD_USR_DeviceConfigured                0x08002391   Thumb Code     2  usbd_usr.o(i.USBD_USR_DeviceConfigured)
    USBD_USR_DeviceConnected                 0x08002393   Thumb Code     2  usbd_usr.o(i.USBD_USR_DeviceConnected)
    USBD_USR_DeviceDescriptor                0x08002395   Thumb Code     8  usbd_desc.o(i.USBD_USR_DeviceDescriptor)
    USBD_USR_DeviceDisconnected              0x080023a1   Thumb Code     2  usbd_usr.o(i.USBD_USR_DeviceDisconnected)
    USBD_USR_DeviceReset                     0x080023a3   Thumb Code     2  usbd_usr.o(i.USBD_USR_DeviceReset)
    USBD_USR_DeviceResumed                   0x080023a5   Thumb Code     2  usbd_usr.o(i.USBD_USR_DeviceResumed)
    USBD_USR_DeviceSuspended                 0x080023a7   Thumb Code     2  usbd_usr.o(i.USBD_USR_DeviceSuspended)
    USBD_USR_Init                            0x080023a9   Thumb Code     2  usbd_usr.o(i.USBD_USR_Init)
    USBD_USR_InterfaceStrDescriptor          0x080023ad   Thumb Code    16  usbd_desc.o(i.USBD_USR_InterfaceStrDescriptor)
    USBD_USR_LangIDStrDescriptor             0x080023d1   Thumb Code     8  usbd_desc.o(i.USBD_USR_LangIDStrDescriptor)
    USBD_USR_ManufacturerStrDescriptor       0x080023dd   Thumb Code    16  usbd_desc.o(i.USBD_USR_ManufacturerStrDescriptor)
    USBD_USR_ProductStrDescriptor            0x08002405   Thumb Code    16  usbd_desc.o(i.USBD_USR_ProductStrDescriptor)
    USBD_USR_SerialStrDescriptor             0x0800243d   Thumb Code    16  usbd_desc.o(i.USBD_USR_SerialStrDescriptor)
    USB_OTG_BSP_EnableInterrupt              0x0800246d   Thumb Code    40  usb_bsp.o(i.USB_OTG_BSP_EnableInterrupt)
    USB_OTG_BSP_Init                         0x08002495   Thumb Code   154  usb_bsp.o(i.USB_OTG_BSP_Init)
    USB_OTG_BSP_mDelay                       0x08002535   Thumb Code    10  usb_bsp.o(i.USB_OTG_BSP_mDelay)
    USB_OTG_BSP_uDelay                       0x0800253f   Thumb Code    22  usb_bsp.o(i.USB_OTG_BSP_uDelay)
    USB_OTG_CoreInit                         0x08002555   Thumb Code   128  usb_core.o(i.USB_OTG_CoreInit)
    USB_OTG_CoreInitDev                      0x080025d5   Thumb Code   302  usb_core.o(i.USB_OTG_CoreInitDev)
    USB_OTG_DisableGlobalInt                 0x0800275d   Thumb Code    16  usb_core.o(i.USB_OTG_DisableGlobalInt)
    USB_OTG_EP0Activate                      0x0800276d   Thumb Code    58  usb_core.o(i.USB_OTG_EP0Activate)
    USB_OTG_EP0StartXfer                     0x080027a9   Thumb Code   182  usb_core.o(i.USB_OTG_EP0StartXfer)
    USB_OTG_EP0_OutStart                     0x08002861   Thumb Code    32  usb_core.o(i.USB_OTG_EP0_OutStart)
    USB_OTG_EPActivate                       0x08002885   Thumb Code    82  usb_core.o(i.USB_OTG_EPActivate)
    USB_OTG_EPClearStall                     0x080028d7   Thumb Code    50  usb_core.o(i.USB_OTG_EPClearStall)
    USB_OTG_EPDeactivate                     0x08002909   Thumb Code    52  usb_core.o(i.USB_OTG_EPDeactivate)
    USB_OTG_EPSetStall                       0x0800293d   Thumb Code    48  usb_core.o(i.USB_OTG_EPSetStall)
    USB_OTG_EPStartXfer                      0x0800296d   Thumb Code   288  usb_core.o(i.USB_OTG_EPStartXfer)
    USB_OTG_EnableDevInt                     0x08002a8d   Thumb Code    74  usb_core.o(i.USB_OTG_EnableDevInt)
    USB_OTG_EnableGlobalInt                  0x08002add   Thumb Code    16  usb_core.o(i.USB_OTG_EnableGlobalInt)
    USB_OTG_FlushRxFifo                      0x08002aed   Thumb Code    52  usb_core.o(i.USB_OTG_FlushRxFifo)
    USB_OTG_FlushTxFifo                      0x08002b25   Thumb Code    60  usb_core.o(i.USB_OTG_FlushTxFifo)
    USB_OTG_GetDeviceSpeed                   0x08002b65   Thumb Code    38  usb_core.o(i.USB_OTG_GetDeviceSpeed)
    USB_OTG_InitDevSpeed                     0x08002b8b   Thumb Code    12  usb_core.o(i.USB_OTG_InitDevSpeed)
    USB_OTG_IsDeviceMode                     0x08002b97   Thumb Code    18  usb_core.o(i.USB_OTG_IsDeviceMode)
    USB_OTG_ReadCoreItr                      0x08002ba9   Thumb Code    10  usb_core.o(i.USB_OTG_ReadCoreItr)
    USB_OTG_ReadDevAllInEPItr                0x08002bb3   Thumb Code    12  usb_core.o(i.USB_OTG_ReadDevAllInEPItr)
    USB_OTG_ReadDevAllOutEp_itr              0x08002bbf   Thumb Code    12  usb_core.o(i.USB_OTG_ReadDevAllOutEp_itr)
    USB_OTG_ReadDevOutEP_itr                 0x08002bcb   Thumb Code    16  usb_core.o(i.USB_OTG_ReadDevOutEP_itr)
    USB_OTG_ReadPacket                       0x08002bdb   Thumb Code    32  usb_core.o(i.USB_OTG_ReadPacket)
    USB_OTG_SelectCore                       0x08002bfd   Thumb Code   188  usb_core.o(i.USB_OTG_SelectCore)
    USB_OTG_SetCurrentMode                   0x08002cbd   Thumb Code    42  usb_core.o(i.USB_OTG_SetCurrentMode)
    USB_OTG_WritePacket                      0x08002ce7   Thumb Code    40  usb_core.o(i.USB_OTG_WritePacket)
    UsageFault_Handler                       0x08002d0f   Thumb Code     2  stm32fxxx_it.o(i.UsageFault_Handler)
    VCP_DataRx                               0x08002d65   Thumb Code    22  usbd_cdc_vcp.o(i.VCP_DataRx)
    VCP_DataTx                               0x08002d81   Thumb Code    42  usbd_cdc_vcp.o(i.VCP_DataTx)
    __0snprintf$1                            0x08002dbd   Thumb Code    36  printf1.o(i.__0snprintf$1)
    __1snprintf$1                            0x08002dbd   Thumb Code     0  printf1.o(i.__0snprintf$1)
    __2snprintf                              0x08002dbd   Thumb Code     0  printf1.o(i.__0snprintf$1)
    __0sprintf$1                             0x08002de5   Thumb Code    34  printf1.o(i.__0sprintf$1)
    __1sprintf$1                             0x08002de5   Thumb Code     0  printf1.o(i.__0sprintf$1)
    __2sprintf                               0x08002de5   Thumb Code     0  printf1.o(i.__0sprintf$1)
    __scatterload_copy                       0x08002e0d   Thumb Code    14  handlers.o(i.__scatterload_copy)
    __scatterload_null                       0x08002e1b   Thumb Code     2  handlers.o(i.__scatterload_null)
    __scatterload_zeroinit                   0x08002e1d   Thumb Code    14  handlers.o(i.__scatterload_zeroinit)
    clean                                    0x08002fa1   Thumb Code    18  main.o(i.clean)
    init_Compartments                        0x08002fb5   Thumb Code   226  main.o(i.init_Compartments)
    lcd_clrscr                               0x080030c1   Thumb Code     6  lcd.o(i.lcd_clrscr)
    lcd_command                              0x080030c7   Thumb Code    28  lcd.o(i.lcd_command)
    lcd_e_high                               0x080030e5   Thumb Code    10  lcd.o(i.lcd_e_high)
    lcd_e_low                                0x080030f5   Thumb Code    10  lcd.o(i.lcd_e_low)
    lcd_e_toggle                             0x08003105   Thumb Code    32  lcd.o(i.lcd_e_toggle)
    lcd_gotoxy                               0x08003125   Thumb Code    14  lcd.o(i.lcd_gotoxy)
    lcd_init                                 0x08003135   Thumb Code   142  lcd.o(i.lcd_init)
    lcd_newline                              0x080031cd   Thumb Code    30  lcd.o(i.lcd_newline)
    lcd_putc                                 0x080031eb   Thumb Code    72  lcd.o(i.lcd_putc)
    lcd_puts                                 0x08003235   Thumb Code    22  lcd.o(i.lcd_puts)
    lcd_read                                 0x0800324d   Thumb Code   104  lcd.o(i.lcd_read)
    lcd_rs_high                              0x080032bd   Thumb Code    10  lcd.o(i.lcd_rs_high)
    lcd_rs_low                               0x080032cd   Thumb Code    10  lcd.o(i.lcd_rs_low)
    lcd_rw_high                              0x080032dd   Thumb Code    10  lcd.o(i.lcd_rw_high)
    lcd_rw_low                               0x080032ed   Thumb Code    10  lcd.o(i.lcd_rw_low)
    lcd_waitbusy                             0x080032fd   Thumb Code    32  lcd.o(i.lcd_waitbusy)
    lcd_write                                0x0800331d   Thumb Code   124  lcd.o(i.lcd_write)
    main                                     0x080033a1   Thumb Code   470  main.o(i.main)
    reportResult                             0x080035ad   Thumb Code   138  stm32fxxx_it.o(i.reportResult)
    BUTTON_PORT_SOURCE                       0x08003840   Data           1  stm32f4_discovery.o(.constdata)
    BUTTON_PIN_SOURCE                        0x08003841   Data           1  stm32f4_discovery.o(.constdata)
    BUTTON_IRQn                              0x08003842   Data           1  stm32f4_discovery.o(.constdata)
    COM_TX_PIN_SOURCE                        0x08003843   Data           1  stm32f4_discovery.o(.constdata)
    COM_RX_PIN_SOURCE                        0x08003844   Data           1  stm32f4_discovery.o(.constdata)
    COM_TX_AF                                0x08003845   Data           1  stm32f4_discovery.o(.constdata)
    COM_RX_AF                                0x08003846   Data           1  stm32f4_discovery.o(.constdata)
    BUTTON_PIN                               0x08003848   Data           2  stm32f4_discovery.o(.constdata)
    BUTTON_EXTI_LINE                         0x0800384a   Data           2  stm32f4_discovery.o(.constdata)
    COM_TX_PIN                               0x0800384c   Data           2  stm32f4_discovery.o(.constdata)
    COM_RX_PIN                               0x0800384e   Data           2  stm32f4_discovery.o(.constdata)
    BUTTON_CLK                               0x08003850   Data           4  stm32f4_discovery.o(.constdata)
    COM_USART_CLK                            0x08003854   Data           4  stm32f4_discovery.o(.constdata)
    COM_TX_PORT_CLK                          0x08003858   Data           4  stm32f4_discovery.o(.constdata)
    COM_RX_PORT_CLK                          0x0800385c   Data           4  stm32f4_discovery.o(.constdata)
    GPIO_PIN                                 0x08003860   Data           8  stm32f4_discovery.o(.constdata)
    GPIO_CLK                                 0x08003868   Data          16  stm32f4_discovery.o(.constdata)
    __ctype_categories                       0x08003878   Data          64  ctype_c.o(.constdata)
    Region$$Table$$Base                      0x080038b8   Number         0  anon$$obj.o(Region$$Table)
    Region$$Table$$Limit                     0x080038d8   Number         0  anon$$obj.o(Region$$Table)
    SystemCoreClock                          0x20000000   Data           4  system_stm32f4xx.o(.data)
    AHBPrescTable                            0x20000004   Data          16  system_stm32f4xx.o(.data)
    PrescalerValue                           0x20000014   Data           2  main.o(.data)
    CCR1_Val                                 0x20000016   Data           2  main.o(.data)
    CCR2_Val                                 0x20000018   Data           2  main.o(.data)
    CCR3_Val                                 0x2000001a   Data           2  main.o(.data)
    CCR4_Val                                 0x2000001c   Data           2  main.o(.data)
    errorCode                                0x2000001e   Data           2  main.o(.data)
    state                                    0x20000020   Data           2  main.o(.data)
    preState                                 0x20000022   Data           2  main.o(.data)
    capture                                  0x20000024   Data           2  main.o(.data)
    TIM3_Counter_Clock                       0x20000028   Data           4  main.o(.data)
    command                                  0x2000002c   Data           4  main.o(.data)
    system_time_counter                      0x20000030   Data           4  main.o(.data)
    USR_cb                                   0x20000034   Data          28  usbd_usr.o(.data)
    USR_desc                                 0x20000050   Data          28  usbd_desc.o(.data)
    USBD_LangIDDesc                          0x2000006c   Data           4  usbd_desc.o(.data)
    USBD_DeviceDesc                          0x20000070   Data          18  usbd_desc.o(.data)
    linecoding                               0x20000084   Data           8  usbd_cdc_vcp.o(.data)
    VCP_fops                                 0x2000008c   Data          20  usbd_cdc_vcp.o(.data)
    timeOutMode                              0x200000a0   Data           1  stm32fxxx_it.o(.data)
    singleDirMode                            0x200000a1   Data           1  stm32fxxx_it.o(.data)
    oneRevCount                              0x200000a2   Data           2  stm32fxxx_it.o(.data)
    GPIO_InitStructure                       0x200000a4   Data           8  lcd.o(.data)
    BUTTON_PORT                              0x200000ac   Data           4  stm32f4_discovery.o(.data)
    COM_USART                                0x200000b0   Data           4  stm32f4_discovery.o(.data)
    COM_TX_PORT                              0x200000b4   Data           4  stm32f4_discovery.o(.data)
    COM_RX_PORT                              0x200000b8   Data           4  stm32f4_discovery.o(.data)
    GPIO_PORT                                0x200000bc   Data          16  stm32f4_discovery.o(.data)
    USBD_ep_status                           0x200000d0   Data           4  usbd_req.o(.data)
    USBD_default_cfg                         0x200000d4   Data           4  usbd_req.o(.data)
    USBD_cfg_status                          0x200000d8   Data           4  usbd_req.o(.data)
    USBD_DCD_INT_cb                          0x200000dc   Data          44  usbd_core.o(.data)
    USBD_DCD_INT_fops                        0x20000108   Data           4  usbd_core.o(.data)
    SET_TEST_MODE                            0x2000010c   Data           4  usbd_core.o(.data)
    USB_Tx_State                             0x20000110   Data           1  usbd_cdc_core.o(.data)
    APP_Rx_ptr_in                            0x20000118   Data           4  usbd_cdc_core.o(.data)
    APP_Rx_ptr_out                           0x2000011c   Data           4  usbd_cdc_core.o(.data)
    APP_Rx_length                            0x20000120   Data           4  usbd_cdc_core.o(.data)
    CmdBuff                                  0x20000130   Data           8  usbd_cdc_core.o(.data)
    usbd_cdc_CfgDesc                         0x20000138   Data          67  usbd_cdc_core.o(.data)
    USBD_CDC_cb                              0x2000017c   Data          44  usbd_cdc_core.o(.data)
    USB_OTG_dev                              0x200001a8   Data        1524  main.o(.bss)
    TIM_TimeBaseStructure                    0x2000079c   Data          12  main.o(.bss)
    TIM_OCInitStructure                      0x200007a8   Data          20  main.o(.bss)
    compartments                             0x200007bc   Data         144  main.o(.bss)
    lcd_buffer                               0x2000084c   Data          17  main.o(.bss)
    msg                                      0x2000085d   Data          17  usbd_cdc_vcp.o(.bss)
    USBD_StrDesc                             0x2000086e   Data         255  usbd_req.o(.bss)
    USB_Rx_Buffer                            0x2000096d   Data          64  usbd_cdc_core.o(.bss)
    APP_Rx_Buffer                            0x200009ad   Data        2048  usbd_cdc_core.o(.bss)
    __initial_sp                             0x200015b0   Data           0  startup_stm32f4xx.o(STACK)



==============================================================================

Memory Map of the image

  Image Entry point : 0x08000189

  Load Region LR_IROM1 (Base: 0x08000000, Size: 0x00003a80, Max: 0x00100000, ABSOLUTE, COMPRESSED[0x000039dc])

    Execution Region ER_IROM1 (Base: 0x08000000, Size: 0x000038d8, Max: 0x00100000, ABSOLUTE)

    Base Addr    Size         Type   Attr      Idx    E Section Name        Object

    0x08000000   0x00000188   Data   RO         4048    RESET               startup_stm32f4xx.o
    0x08000188   0x00000000   Code   RO         4838  * .ARM.Collect$$$$00000000  mc_w.l(entry.o)
    0x08000188   0x00000004   Code   RO         5106    .ARM.Collect$$$$00000001  mc_w.l(entry2.o)
    0x0800018c   0x00000004   Code   RO         5109    .ARM.Collect$$$$00000004  mc_w.l(entry5.o)
    0x08000190   0x00000000   Code   RO         5111    .ARM.Collect$$$$00000008  mc_w.l(entry7b.o)
    0x08000190   0x00000000   Code   RO         5113    .ARM.Collect$$$$0000000A  mc_w.l(entry8b.o)
    0x08000190   0x00000008   Code   RO         5114    .ARM.Collect$$$$0000000B  mc_w.l(entry9a.o)
    0x08000198   0x00000000   Code   RO         5116    .ARM.Collect$$$$0000000D  mc_w.l(entry10a.o)
    0x08000198   0x00000000   Code   RO         5118    .ARM.Collect$$$$0000000F  mc_w.l(entry11a.o)
    0x08000198   0x00000004   Code   RO         5107    .ARM.Collect$$$$00002712  mc_w.l(entry2.o)
    0x0800019c   0x00000034   Code   RO         4049    .text               startup_stm32f4xx.o
    0x080001d0   0x00000038   Code   RO         5102    .text               mc_w.l(__0sscanf.o)
    0x08000208   0x0000014c   Code   RO         5104    .text               mc_w.l(_scanf_int.o)
    0x08000354   0x0000002c   Code   RO         5123    .text               mc_w.l(uidiv.o)
    0x08000380   0x0000001c   Code   RO         5127    .text               mc_w.l(_chval.o)
    0x0800039c   0x00000028   Code   RO         5129    .text               mc_w.l(scanf_char.o)
    0x080003c4   0x00000040   Code   RO         5131    .text               mc_w.l(_sgetc.o)
    0x08000404   0x00000024   Code   RO         5144    .text               mc_w.l(init.o)
    0x08000428   0x0000000a   Code   RO         5153    .text               mc_w.l(isspace_c.o)
    0x08000432   0x00000002   PAD
    0x08000434   0x00000328   Code   RO         5155    .text               mc_w.l(_scanf.o)
    0x0800075c   0x00000028   Code   RO         5160    .text               mc_w.l(ctype_c.o)
    0x08000784   0x00000056   Code   RO         5171    .text               mc_w.l(__dczerorl2.o)
    0x080007da   0x00000002   PAD
    0x080007dc   0x00000016   Code   RO         1092    ei.Delay            lcd.o
    0x080007f2   0x00000002   PAD
    0x080007f4   0x0000000e   Code   RO         1088    ei.lcd_e_delay      lcd.o
    0x08000802   0x00000002   Code   RO          824    i.BusFault_Handler  stm32fxxx_it.o
    0x08000804   0x00000140   Code   RO          135    i.COM1_Config       main.o
    0x08000944   0x0000002c   Code   RO         4427    i.DCD_EP_Close      usb_dcd.o
    0x08000970   0x00000038   Code   RO         4428    i.DCD_EP_ClrStall   usb_dcd.o
    0x080009a8   0x0000003c   Code   RO         4430    i.DCD_EP_Open       usb_dcd.o
    0x080009e4   0x00000044   Code   RO         4431    i.DCD_EP_PrepareRx  usb_dcd.o
    0x08000a28   0x00000010   Code   RO         4432    i.DCD_EP_SetAddress  usb_dcd.o
    0x08000a38   0x00000038   Code   RO         4433    i.DCD_EP_Stall      usb_dcd.o
    0x08000a70   0x0000003e   Code   RO         4434    i.DCD_EP_Tx         usb_dcd.o
    0x08000aae   0x00000002   PAD
    0x08000ab0   0x000000cc   Code   RO         4054    i.DCD_HandleInEP_ISR  usb_dcd_int.o
    0x08000b7c   0x000000ac   Code   RO         4055    i.DCD_HandleOutEP_ISR  usb_dcd_int.o
    0x08000c28   0x0000007c   Code   RO         4056    i.DCD_HandleRxStatusQueueLevel_ISR  usb_dcd_int.o
    0x08000ca4   0x00000070   Code   RO         4057    i.DCD_HandleUSBSuspend_ISR  usb_dcd_int.o
    0x08000d14   0x00000084   Code   RO         4058    i.DCD_HandleUsbReset_ISR  usb_dcd_int.o
    0x08000d98   0x00000094   Code   RO         4436    i.DCD_Init          usb_dcd.o
    0x08000e2c   0x0000007e   Code   RO         4059    i.DCD_WriteEmptyTxFifo  usb_dcd_int.o
    0x08000eaa   0x00000002   Code   RO          825    i.DebugMon_Handler  stm32fxxx_it.o
    0x08000eac   0x0000000c   Code   RO          136    i.Delay2            main.o
    0x08000eb8   0x00000024   Code   RO          826    i.EXTI0_IRQHandler  stm32fxxx_it.o
    0x08000edc   0x00000024   Code   RO          827    i.EXTI2_IRQHandler  stm32fxxx_it.o
    0x08000f00   0x0000002c   Code   RO          828    i.EXTI4_IRQHandler  stm32fxxx_it.o
    0x08000f2c   0x00000024   Code   RO          829    i.EXTI9_5_IRQHandler  stm32fxxx_it.o
    0x08000f50   0x0000000c   Code   RO         1795    i.EXTI_ClearITPendingBit  stm32f4xx_exti.o
    0x08000f5c   0x0000010c   Code   RO          137    i.EXTI_Config       main.o
    0x08001068   0x00000020   Code   RO         1799    i.EXTI_GetITStatus  stm32f4xx_exti.o
    0x08001088   0x00000070   Code   RO         1800    i.EXTI_Init         stm32f4xx_exti.o
    0x080010f8   0x000000a2   Code   RO         2144    i.GPIO_Init         stm32f4xx_gpio.o
    0x0800119a   0x00000020   Code   RO         2145    i.GPIO_PinAFConfig  stm32f4xx_gpio.o
    0x080011ba   0x00000006   Code   RO         2147    i.GPIO_ReadInputData  stm32f4xx_gpio.o
    0x080011c0   0x00000006   Code   RO         2149    i.GPIO_ReadOutputData  stm32f4xx_gpio.o
    0x080011c6   0x00000008   Code   RO         2154    i.GPIO_ToggleBits   stm32f4xx_gpio.o
    0x080011ce   0x00000004   Code   RO         2155    i.GPIO_Write        stm32f4xx_gpio.o
    0x080011d2   0x0000000a   Code   RO         2156    i.GPIO_WriteBit     stm32f4xx_gpio.o
    0x080011dc   0x00000068   Code   RO         4770    i.Handle_USBAsynchXfer  usbd_cdc_core.o
    0x08001244   0x00000002   Code   RO          830    i.HardFault_Handler  stm32fxxx_it.o
    0x08001246   0x00000002   Code   RO          831    i.MemManage_Handler  stm32fxxx_it.o
    0x08001248   0x00000002   Code   RO          832    i.NMI_Handler       stm32fxxx_it.o
    0x0800124a   0x00000002   PAD
    0x0800124c   0x00000064   Code   RO         1252    i.NVIC_Init         misc.o
    0x080012b0   0x00000014   Code   RO         1253    i.NVIC_PriorityGroupConfig  misc.o
    0x080012c4   0x0000000c   Code   RO          833    i.OTG_FS_IRQHandler  stm32fxxx_it.o
    0x080012d0   0x00000008   Code   RO          834    i.OTG_FS_WKUP_IRQHandler  stm32fxxx_it.o
    0x080012d8   0x00000002   Code   RO          835    i.PendSV_Handler    stm32fxxx_it.o
    0x080012da   0x0000001a   Code   RO          836    i.PillDropSensorLogic  stm32fxxx_it.o
    0x080012f4   0x00000018   Code   RO         2470    i.RCC_AHB1PeriphClockCmd  stm32f4xx_rcc.o
    0x0800130c   0x00000018   Code   RO         2473    i.RCC_AHB2PeriphClockCmd  stm32f4xx_rcc.o
    0x08001324   0x00000018   Code   RO         2479    i.RCC_APB1PeriphClockCmd  stm32f4xx_rcc.o
    0x0800133c   0x00000018   Code   RO         2482    i.RCC_APB2PeriphClockCmd  stm32f4xx_rcc.o
    0x08001354   0x00000048   Code   RO         1109    i.STM_EVAL_LEDInit  stm32f4_discovery.o
    0x0800139c   0x00000018   Code   RO         1110    i.STM_EVAL_LEDOff   stm32f4_discovery.o
    0x080013b4   0x00000018   Code   RO         1111    i.STM_EVAL_LEDOn    stm32f4_discovery.o
    0x080013cc   0x0000001c   Code   RO         1112    i.STM_EVAL_LEDToggle  stm32f4_discovery.o
    0x080013e8   0x00000002   Code   RO          837    i.SVC_Handler       stm32fxxx_it.o
    0x080013ea   0x00000002   PAD
    0x080013ec   0x00000030   Code   RO         1190    i.SYSCFG_EXTILineConfig  stm32f4xx_syscfg.o
    0x0800141c   0x000000b4   Code   RO            2    i.SetSysClock       system_stm32f4xx.o
    0x080014d0   0x00000010   Code   RO          838    i.SysTick_Handler   stm32fxxx_it.o
    0x080014e0   0x00000050   Code   RO            4    i.SystemInit        system_stm32f4xx.o
    0x08001530   0x00000108   Code   RO          839    i.TIM3_IRQHandler   stm32fxxx_it.o
    0x08001638   0x00000006   Code   RO         2918    i.TIM_ClearITPendingBit  stm32f4xx_tim.o
    0x0800163e   0x00000014   Code   RO         2923    i.TIM_Cmd           stm32f4xx_tim.o
    0x08001652   0x00000056   Code   RO          138    i.TIM_Config        main.o
    0x080016a8   0x00000004   Code   RO         2938    i.TIM_GetCapture1   stm32f4xx_tim.o
    0x080016ac   0x00000004   Code   RO         2939    i.TIM_GetCapture2   stm32f4xx_tim.o
    0x080016b0   0x00000004   Code   RO         2940    i.TIM_GetCapture3   stm32f4xx_tim.o
    0x080016b4   0x00000004   Code   RO         2941    i.TIM_GetCapture4   stm32f4xx_tim.o
    0x080016b8   0x00000018   Code   RO         2944    i.TIM_GetITStatus   stm32f4xx_tim.o
    0x080016d0   0x00000010   Code   RO         2948    i.TIM_ITConfig      stm32f4xx_tim.o
    0x080016e0   0x00000060   Code   RO         2952    i.TIM_OC1Init       stm32f4xx_tim.o
    0x08001740   0x0000000c   Code   RO         2955    i.TIM_OC1PreloadConfig  stm32f4xx_tim.o
    0x0800174c   0x00000080   Code   RO         2957    i.TIM_OC2Init       stm32f4xx_tim.o
    0x080017cc   0x00000014   Code   RO         2960    i.TIM_OC2PreloadConfig  stm32f4xx_tim.o
    0x080017e0   0x0000007c   Code   RO         2962    i.TIM_OC3Init       stm32f4xx_tim.o
    0x0800185c   0x0000000c   Code   RO         2965    i.TIM_OC3PreloadConfig  stm32f4xx_tim.o
    0x08001868   0x00000060   Code   RO         2967    i.TIM_OC4Init       stm32f4xx_tim.o
    0x080018c8   0x00000014   Code   RO         2969    i.TIM_OC4PreloadConfig  stm32f4xx_tim.o
    0x080018dc   0x00000006   Code   RO         2972    i.TIM_PrescalerConfig  stm32f4xx_tim.o
    0x080018e2   0x00000004   Code   RO         2985    i.TIM_SetCompare1   stm32f4xx_tim.o
    0x080018e6   0x00000004   Code   RO         2986    i.TIM_SetCompare2   stm32f4xx_tim.o
    0x080018ea   0x00000004   Code   RO         2987    i.TIM_SetCompare3   stm32f4xx_tim.o
    0x080018ee   0x00000004   Code   RO         2988    i.TIM_SetCompare4   stm32f4xx_tim.o
    0x080018f2   0x00000002   PAD
    0x080018f4   0x0000007c   Code   RO         2995    i.TIM_TimeBaseInit  stm32f4xx_tim.o
    0x08001970   0x000000ec   Code   RO          840    i.TimerCoreLogic    stm32fxxx_it.o
    0x08001a5c   0x0000000e   Code   RO         4609    i.USBD_ClrCfg       usbd_core.o
    0x08001a6a   0x00000012   Code   RO         4715    i.USBD_CtlContinueRx  usbd_ioreq.o
    0x08001a7c   0x00000012   Code   RO         4716    i.USBD_CtlContinueSendData  usbd_ioreq.o
    0x08001a8e   0x0000001c   Code   RO         4513    i.USBD_CtlError     usbd_req.o
    0x08001aaa   0x00000020   Code   RO         4717    i.USBD_CtlPrepareRx  usbd_ioreq.o
    0x08001aca   0x00000022   Code   RO         4718    i.USBD_CtlReceiveStatus  usbd_ioreq.o
    0x08001aec   0x00000020   Code   RO         4719    i.USBD_CtlSendData  usbd_ioreq.o
    0x08001b0c   0x00000022   Code   RO         4720    i.USBD_CtlSendStatus  usbd_ioreq.o
    0x08001b2e   0x00000002   PAD
    0x08001b30   0x000000b0   Code   RO         4610    i.USBD_DataInStage  usbd_core.o
    0x08001be0   0x00000078   Code   RO         4611    i.USBD_DataOutStage  usbd_core.o
    0x08001c58   0x00000016   Code   RO         4613    i.USBD_DevConnected  usbd_core.o
    0x08001c6e   0x00000020   Code   RO         4614    i.USBD_DevDisconnected  usbd_core.o
    0x08001c8e   0x000000ce   Code   RO         4514    i.USBD_GetDescriptor  usbd_req.o
    0x08001d5c   0x00000046   Code   RO         4515    i.USBD_GetString    usbd_req.o
    0x08001da2   0x00000034   Code   RO         4615    i.USBD_Init         usbd_core.o
    0x08001dd6   0x0000000e   Code   RO         4616    i.USBD_IsoINIncomplete  usbd_core.o
    0x08001de4   0x0000000e   Code   RO         4617    i.USBD_IsoOUTIncomplete  usbd_core.o
    0x08001df2   0x00000002   PAD
    0x08001df4   0x00000178   Code   RO         4060    i.USBD_OTG_ISR_Handler  usb_dcd_int.o
    0x08001f6c   0x00000044   Code   RO         4516    i.USBD_ParseSetupRequest  usbd_req.o
    0x08001fb0   0x0000002e   Code   RO         4618    i.USBD_Reset        usbd_core.o
    0x08001fde   0x00000016   Code   RO         4619    i.USBD_Resume       usbd_core.o
    0x08001ff4   0x00000010   Code   RO         4620    i.USBD_SOF          usbd_core.o
    0x08002004   0x0000001a   Code   RO         4621    i.USBD_SetCfg       usbd_core.o
    0x0800201e   0x00000002   PAD
    0x08002020   0x00000074   Code   RO         4517    i.USBD_SetConfig    usbd_req.o
    0x08002094   0x0000007c   Code   RO         4518    i.USBD_SetFeature   usbd_req.o
    0x08002110   0x00000048   Code   RO         4622    i.USBD_SetupStage   usbd_core.o
    0x08002158   0x000000f0   Code   RO         4519    i.USBD_StdDevReq    usbd_req.o
    0x08002248   0x000000d4   Code   RO         4520    i.USBD_StdEPReq     usbd_req.o
    0x0800231c   0x00000036   Code   RO         4521    i.USBD_StdItfReq    usbd_req.o
    0x08002352   0x0000001c   Code   RO         4623    i.USBD_Suspend      usbd_core.o
    0x0800236e   0x00000002   PAD
    0x08002370   0x00000020   Code   RO          559    i.USBD_USR_ConfigStrDescriptor  usbd_desc.o
    0x08002390   0x00000002   Code   RO          344    i.USBD_USR_DeviceConfigured  usbd_usr.o
    0x08002392   0x00000002   Code   RO          345    i.USBD_USR_DeviceConnected  usbd_usr.o
    0x08002394   0x0000000c   Code   RO          560    i.USBD_USR_DeviceDescriptor  usbd_desc.o
    0x080023a0   0x00000002   Code   RO          346    i.USBD_USR_DeviceDisconnected  usbd_usr.o
    0x080023a2   0x00000002   Code   RO          347    i.USBD_USR_DeviceReset  usbd_usr.o
    0x080023a4   0x00000002   Code   RO          348    i.USBD_USR_DeviceResumed  usbd_usr.o
    0x080023a6   0x00000002   Code   RO          349    i.USBD_USR_DeviceSuspended  usbd_usr.o
    0x080023a8   0x00000002   Code   RO          350    i.USBD_USR_Init     usbd_usr.o
    0x080023aa   0x00000002   PAD
    0x080023ac   0x00000024   Code   RO          561    i.USBD_USR_InterfaceStrDescriptor  usbd_desc.o
    0x080023d0   0x0000000c   Code   RO          562    i.USBD_USR_LangIDStrDescriptor  usbd_desc.o
    0x080023dc   0x00000028   Code   RO          563    i.USBD_USR_ManufacturerStrDescriptor  usbd_desc.o
    0x08002404   0x00000038   Code   RO          564    i.USBD_USR_ProductStrDescriptor  usbd_desc.o
    0x0800243c   0x00000024   Code   RO          565    i.USBD_USR_SerialStrDescriptor  usbd_desc.o
    0x08002460   0x0000000c   Code   RO         4771    i.USBD_cdc_GetCfgDesc  usbd_cdc_core.o
    0x0800246c   0x00000028   Code   RO          522    i.USB_OTG_BSP_EnableInterrupt  usb_bsp.o
    0x08002494   0x000000a0   Code   RO          523    i.USB_OTG_BSP_Init  usb_bsp.o
    0x08002534   0x0000000a   Code   RO          524    i.USB_OTG_BSP_mDelay  usb_bsp.o
    0x0800253e   0x00000016   Code   RO          525    i.USB_OTG_BSP_uDelay  usb_bsp.o
    0x08002554   0x00000080   Code   RO         4205    i.USB_OTG_CoreInit  usb_core.o
    0x080025d4   0x0000012e   Code   RO         4206    i.USB_OTG_CoreInitDev  usb_core.o
    0x08002702   0x00000002   PAD
    0x08002704   0x00000058   Code   RO         4207    i.USB_OTG_CoreReset  usb_core.o
    0x0800275c   0x00000010   Code   RO         4208    i.USB_OTG_DisableGlobalInt  usb_core.o
    0x0800276c   0x0000003a   Code   RO         4209    i.USB_OTG_EP0Activate  usb_core.o
    0x080027a6   0x00000002   PAD
    0x080027a8   0x000000b6   Code   RO         4210    i.USB_OTG_EP0StartXfer  usb_core.o
    0x0800285e   0x00000002   PAD
    0x08002860   0x00000024   Code   RO         4211    i.USB_OTG_EP0_OutStart  usb_core.o
    0x08002884   0x00000052   Code   RO         4212    i.USB_OTG_EPActivate  usb_core.o
    0x080028d6   0x00000032   Code   RO         4213    i.USB_OTG_EPClearStall  usb_core.o
    0x08002908   0x00000034   Code   RO         4214    i.USB_OTG_EPDeactivate  usb_core.o
    0x0800293c   0x00000030   Code   RO         4215    i.USB_OTG_EPSetStall  usb_core.o
    0x0800296c   0x00000120   Code   RO         4216    i.USB_OTG_EPStartXfer  usb_core.o
    0x08002a8c   0x00000050   Code   RO         4217    i.USB_OTG_EnableDevInt  usb_core.o
    0x08002adc   0x00000010   Code   RO         4218    i.USB_OTG_EnableGlobalInt  usb_core.o
    0x08002aec   0x00000038   Code   RO         4219    i.USB_OTG_FlushRxFifo  usb_core.o
    0x08002b24   0x00000040   Code   RO         4220    i.USB_OTG_FlushTxFifo  usb_core.o
    0x08002b64   0x00000026   Code   RO         4221    i.USB_OTG_GetDeviceSpeed  usb_core.o
    0x08002b8a   0x0000000c   Code   RO         4224    i.USB_OTG_InitDevSpeed  usb_core.o
    0x08002b96   0x00000012   Code   RO         4225    i.USB_OTG_IsDeviceMode  usb_core.o
    0x08002ba8   0x0000000a   Code   RO         4227    i.USB_OTG_ReadCoreItr  usb_core.o
    0x08002bb2   0x0000000c   Code   RO         4228    i.USB_OTG_ReadDevAllInEPItr  usb_core.o
    0x08002bbe   0x0000000c   Code   RO         4229    i.USB_OTG_ReadDevAllOutEp_itr  usb_core.o
    0x08002bca   0x00000010   Code   RO         4230    i.USB_OTG_ReadDevOutEP_itr  usb_core.o
    0x08002bda   0x00000020   Code   RO         4232    i.USB_OTG_ReadPacket  usb_core.o
    0x08002bfa   0x00000002   PAD
    0x08002bfc   0x000000c0   Code   RO         4233    i.USB_OTG_SelectCore  usb_core.o
    0x08002cbc   0x0000002a   Code   RO         4234    i.USB_OTG_SetCurrentMode  usb_core.o
    0x08002ce6   0x00000028   Code   RO         4238    i.USB_OTG_WritePacket  usb_core.o
    0x08002d0e   0x00000002   Code   RO          841    i.UsageFault_Handler  stm32fxxx_it.o
    0x08002d10   0x00000054   Code   RO          641    i.VCP_Ctrl          usbd_cdc_vcp.o
    0x08002d64   0x0000001c   Code   RO          642    i.VCP_DataRx        usbd_cdc_vcp.o
    0x08002d80   0x00000034   Code   RO          643    i.VCP_DataTx        usbd_cdc_vcp.o
    0x08002db4   0x00000004   Code   RO          644    i.VCP_DeInit        usbd_cdc_vcp.o
    0x08002db8   0x00000004   Code   RO          645    i.VCP_Init          usbd_cdc_vcp.o
    0x08002dbc   0x00000028   Code   RO         4887    i.__0snprintf$1     mc_w.l(printf1.o)
    0x08002de4   0x00000028   Code   RO         4888    i.__0sprintf$1      mc_w.l(printf1.o)
    0x08002e0c   0x0000000e   Code   RO         5165    i.__scatterload_copy  mc_w.l(handlers.o)
    0x08002e1a   0x00000002   Code   RO         5166    i.__scatterload_null  mc_w.l(handlers.o)
    0x08002e1c   0x0000000e   Code   RO         5167    i.__scatterload_zeroinit  mc_w.l(handlers.o)
    0x08002e2a   0x00000002   PAD
    0x08002e2c   0x00000154   Code   RO         4893    i._printf_core      mc_w.l(printf1.o)
    0x08002f80   0x00000016   Code   RO         4894    i._snputc           mc_w.l(printf1.o)
    0x08002f96   0x0000000a   Code   RO         4895    i._sputc            mc_w.l(printf1.o)
    0x08002fa0   0x00000012   Code   RO          139    i.clean             main.o
    0x08002fb2   0x00000002   PAD
    0x08002fb4   0x0000010c   Code   RO          140    i.init_Compartments  main.o
    0x080030c0   0x00000006   Code   RO          966    i.lcd_clrscr        lcd.o
    0x080030c6   0x0000001c   Code   RO          967    i.lcd_command       lcd.o
    0x080030e2   0x00000002   PAD
    0x080030e4   0x00000010   Code   RO          969    i.lcd_e_high        lcd.o
    0x080030f4   0x00000010   Code   RO          970    i.lcd_e_low         lcd.o
    0x08003104   0x00000020   Code   RO          971    i.lcd_e_toggle      lcd.o
    0x08003124   0x0000000e   Code   RO          973    i.lcd_gotoxy        lcd.o
    0x08003132   0x00000002   PAD
    0x08003134   0x00000098   Code   RO          975    i.lcd_init          lcd.o
    0x080031cc   0x0000001e   Code   RO          976    i.lcd_newline       lcd.o
    0x080031ea   0x00000048   Code   RO          977    i.lcd_putc          lcd.o
    0x08003232   0x00000002   PAD
    0x08003234   0x00000016   Code   RO          978    i.lcd_puts          lcd.o
    0x0800324a   0x00000002   PAD
    0x0800324c   0x00000070   Code   RO          979    i.lcd_read          lcd.o
    0x080032bc   0x00000010   Code   RO          980    i.lcd_rs_high       lcd.o
    0x080032cc   0x00000010   Code   RO          981    i.lcd_rs_low        lcd.o
    0x080032dc   0x00000010   Code   RO          982    i.lcd_rw_high       lcd.o
    0x080032ec   0x00000010   Code   RO          983    i.lcd_rw_low        lcd.o
    0x080032fc   0x00000020   Code   RO          984    i.lcd_waitbusy      lcd.o
    0x0800331c   0x00000084   Code   RO          985    i.lcd_write         lcd.o
    0x080033a0   0x0000020c   Code   RO          141    i.main              main.o
    0x080035ac   0x000000a0   Code   RO          843    i.reportResult      stm32fxxx_it.o
    0x0800364c   0x00000048   Code   RO         4772    i.usbd_cdc_DataIn   usbd_cdc_core.o
    0x08003694   0x00000034   Code   RO         4773    i.usbd_cdc_DataOut  usbd_cdc_core.o
    0x080036c8   0x00000028   Code   RO         4774    i.usbd_cdc_DeInit   usbd_cdc_core.o
    0x080036f0   0x00000028   Code   RO         4775    i.usbd_cdc_EP0_RxReady  usbd_cdc_core.o
    0x08003718   0x00000054   Code   RO         4776    i.usbd_cdc_Init     usbd_cdc_core.o
    0x0800376c   0x00000020   Code   RO         4777    i.usbd_cdc_SOF      usbd_cdc_core.o
    0x0800378c   0x000000b4   Code   RO         4778    i.usbd_cdc_Setup    usbd_cdc_core.o
    0x08003840   0x00000038   Data   RO         1115    .constdata          stm32f4_discovery.o
    0x08003878   0x00000040   Data   RO         5161    .constdata          mc_w.l(ctype_c.o)
    0x080038b8   0x00000020   Data   RO         5163    Region$$Table       anon$$obj.o


    Execution Region RW_IRAM1 (Base: 0x20000000, Size: 0x000015b0, Max: 0x00020000, ABSOLUTE, COMPRESSED[0x00000104])

    Base Addr    Size         Type   Attr      Idx    E Section Name        Object

    0x20000000   0x00000014   Data   RW            5    .data               system_stm32f4xx.o
    0x20000014   0x0000001c   Data   RW          143    .data               main.o
    0x20000030   0x00000004   Data   RW          144    .data               main.o
    0x20000034   0x0000001c   Data   RW          351    .data               usbd_usr.o
    0x20000050   0x0000001c   Data   RW          566    .data               usbd_desc.o
    0x2000006c   0x00000016   Data   RW          567    .data               usbd_desc.o
    0x20000082   0x00000002   PAD
    0x20000084   0x00000008   Data   RW          647    .data               usbd_cdc_vcp.o
    0x2000008c   0x00000014   Data   RW          648    .data               usbd_cdc_vcp.o
    0x200000a0   0x00000004   Data   RW          844    .data               stm32fxxx_it.o
    0x200000a4   0x00000008   Data   RW          986    .data               lcd.o
    0x200000ac   0x00000020   Data   RW         1116    .data               stm32f4_discovery.o
    0x200000cc   0x00000010   Data   RW         4523    .data               usbd_req.o
    0x200000dc   0x0000002c   Data   RW         4624    .data               usbd_core.o
    0x20000108   0x00000004   Data   RW         4625    .data               usbd_core.o
    0x2000010c   0x00000004   Data   RW         4626    .data               usbd_core.o
    0x20000110   0x0000006b   Data   RW         4781    .data               usbd_cdc_core.o
    0x2000017b   0x00000001   PAD
    0x2000017c   0x0000002c   Data   RW         4782    .data               usbd_cdc_core.o
    0x200001a8   0x000006b5   Zero   RW          142    .bss                main.o
    0x2000085d   0x00000011   Zero   RW          646    .bss                usbd_cdc_vcp.o
    0x2000086e   0x000000ff   Zero   RW         4522    .bss                usbd_req.o
    0x2000096d   0x00000840   Zero   RW         4780    .bss                usbd_cdc_core.o
    0x200011ad   0x00000003   PAD
    0x200011b0   0x00000400   Zero   RW         4046    STACK               startup_stm32f4xx.o


==============================================================================

Image component sizes


      Code (inc. data)   RO Data    RW Data    ZI Data      Debug   Object Name

       764         62          0          8          0      11320   lcd.o
      1496        118          0         32       1717     278941   main.o
       120         14          0          0          0     211807   misc.o
        52         14        392          0       1024        988   startup_stm32f4xx.o
       148         34         56         32          0       7119   stm32f4_discovery.o
       156         14          0          0          0       5344   stm32f4xx_exti.o
         0          0          0          0          0     214488   stm32f4xx_flash.o
       228          0          0          0          0     213353   stm32f4xx_gpio.o
        96         24          0          0          0       2788   stm32f4xx_rcc.o
        48          6          0          0          0     208732   stm32f4xx_syscfg.o
       736         60          0          0          0      37011   stm32f4xx_tim.o
       890        100          0          4          0      13526   stm32fxxx_it.o
       260         36          0         20          0     227105   system_stm32f4xx.o
       232          6          0          0          0       2887   usb_bsp.o
      1970         26          0          0          0      21758   usb_core.o
       510          0          0          0          0       6292   usb_dcd.o
      1246         40          0          0          0      27283   usb_dcd_int.o
       616         74          0        151       2112       9708   usbd_cdc_core.o
       172         22          0         28         17      22868   usbd_cdc_vcp.o
       654          4          0         52          0      12542   usbd_core.o
       224        128          0         50          0      22664   usbd_desc.o
       168          0          0          0          0       4828   usbd_ioreq.o
      1118         44          0         16        255      26101   usbd_req.o
        14          0          0         28          0     237233   usbd_usr.o

    ----------------------------------------------------------------------
     11956        826        480        424       5128    1826686   Object Totals
         0          0         32          0          0          0   (incl. Generated)
        38          0          0          3          3          0   (incl. Padding)

    ----------------------------------------------------------------------

      Code (inc. data)   RO Data    RW Data    ZI Data      Debug   Library Member Name

        56          8          0          0          0         84   __0sscanf.o
        86          0          0          0          0          0   __dczerorl2.o
        28          0          0          0          0         68   _chval.o
       808          6          0          0          0        112   _scanf.o
       332          0          0          0          0         96   _scanf_int.o
        64          0          0          0          0         84   _sgetc.o
        40          6         64          0          0         68   ctype_c.o
         0          0          0          0          0          0   entry.o
         0          0          0          0          0          0   entry10a.o
         0          0          0          0          0          0   entry11a.o
         8          4          0          0          0          0   entry2.o
         4          0          0          0          0          0   entry5.o
         0          0          0          0          0          0   entry7b.o
         0          0          0          0          0          0   entry8b.o
         8          4          0          0          0          0   entry9a.o
        30          0          0          0          0          0   handlers.o
        36          8          0          0          0         68   init.o
        10          0          0          0          0         68   isspace_c.o
       452         14          0          0          0        404   printf1.o
        40          8          0          0          0         84   scanf_char.o
        44          0          0          0          0         80   uidiv.o

    ----------------------------------------------------------------------
      2052         58         64          0          0       1216   Library Totals
         6          0          0          0          0          0   (incl. Padding)

    ----------------------------------------------------------------------

      Code (inc. data)   RO Data    RW Data    ZI Data      Debug   Library Name

      2046         58         64          0          0       1216   mc_w.l

    ----------------------------------------------------------------------
      2052         58         64          0          0       1216   Library Totals

    ----------------------------------------------------------------------

==============================================================================


      Code (inc. data)   RO Data    RW Data    ZI Data      Debug   

     14008        884        544        424       5128    1809214   Grand Totals
     14008        884        544        260       5128    1809214   ELF Image Totals (compressed)
     14008        884        544        260          0          0   ROM Totals

==============================================================================

    Total RO  Size (Code + RO Data)                14552 (  14.21kB)
    Total RW  Size (RW Data + ZI Data)              5552 (   5.42kB)
    Total ROM Size (Code + RO Data + RW Data)      14812 (  14.46kB)

==============================================================================

